=== 16:08:39 duckdb tpch 10.0 load: 11.26 20.20 25.36
duckdb tpch 10.0 q2 V1: iters=59 hot=34.3ms profiled=34.4ms scan_wall=61% scan_cpu=53% scan_busy=74% load=11.5
duckdb tpch 10.0 q2 V2: iters=59 hot=34.3ms profiled=30.2ms scan_wall=52% scan_cpu=54% scan_busy=66% load=11.4
duckdb tpch 10.0 q3 V1: iters=17 hot=124.7ms profiled=119.1ms scan_wall=62% scan_cpu=48% scan_busy=68% load=11.7
duckdb tpch 10.0 q3 V2: iters=17 hot=124.7ms profiled=111.8ms scan_wall=51% scan_cpu=45% scan_busy=57% load=11.0
duckdb tpch 10.0 q4 V1: iters=17 hot=119.5ms profiled=121.9ms scan_wall=55% scan_cpu=52% scan_busy=68% load=10.9
duckdb tpch 10.0 q4 V2: iters=17 hot=119.5ms profiled=115.7ms scan_wall=46% scan_cpu=48% scan_busy=60% load=11.1
duckdb tpch 10.0 q5 V1: iters=13 hot=158.4ms profiled=142.3ms scan_wall=67% scan_cpu=49% scan_busy=70% load=11.1
duckdb tpch 10.0 q5 V2: iters=13 hot=158.4ms profiled=149.4ms scan_wall=53% scan_cpu=45% scan_busy=57% load=12.5
duckdb tpch 10.0 q7 V1: iters=15 hot=139.3ms profiled=127.5ms scan_wall=75% scan_cpu=59% scan_busy=80% load=13.0
duckdb tpch 10.0 q7 V2: iters=15 hot=139.3ms profiled=110.2ms scan_wall=64% scan_cpu=61% scan_busy=70% load=12.3
duckdb tpch 10.0 q8 V1: iters=12 hot=169.7ms profiled=160.4ms scan_wall=58% scan_cpu=44% scan_busy=65% load=13.6
duckdb tpch 10.0 q8 V2: iters=12 hot=169.7ms profiled=147.0ms scan_wall=46% scan_cpu=43% scan_busy=54% load=13.3
duckdb tpch 10.0 q9 V1: iters=6 hot=364.9ms profiled=364.5ms scan_wall=39% scan_cpu=26% scan_busy=41% load=13.3
duckdb tpch 10.0 q9 V2: iters=6 hot=364.9ms profiled=347.4ms scan_wall=30% scan_cpu=23% scan_busy=30% load=12.4
duckdb tpch 10.0 q10 V1: iters=13 hot=156.6ms profiled=160.2ms scan_wall=62% scan_cpu=46% scan_busy=67% load=12.6
duckdb tpch 10.0 q10 V2: iters=13 hot=156.6ms profiled=155.0ms scan_wall=55% scan_cpu=47% scan_busy=60% load=13.3
duckdb tpch 10.0 q11 V1: iters=68 hot=29.7ms profiled=28.0ms scan_wall=69% scan_cpu=50% scan_busy=77% load=12.5
duckdb tpch 10.0 q11 V2: iters=68 hot=29.7ms profiled=23.0ms scan_wall=57% scan_cpu=53% scan_busy=65% load=12.2
duckdb tpch 10.0 q12 V1: iters=19 hot=105.3ms profiled=106.3ms scan_wall=86% scan_cpu=82% scan_busy=91% load=12.2
duckdb tpch 10.0 q12 V2: iters=19 hot=105.3ms profiled=90.4ms scan_wall=79% scan_cpu=80% scan_busy=86% load=12.2
duckdb tpch 10.0 q13 V1: iters=9 hot=245.7ms profiled=222.5ms scan_wall=65% scan_cpu=59% scan_busy=68% load=12.1
duckdb tpch 10.0 q13 V2: iters=9 hot=245.7ms profiled=227.1ms scan_wall=59% scan_cpu=55% scan_busy=63% load=11.9
duckdb tpch 10.0 q14 V1: iters=32 hot=63.3ms profiled=62.1ms scan_wall=81% scan_cpu=67% scan_busy=87% load=12.3
duckdb tpch 10.0 q14 V2: iters=32 hot=63.3ms profiled=47.2ms scan_wall=67% scan_cpu=63% scan_busy=76% load=16.5
duckdb tpch 10.0 q15 V1: iters=24 hot=83.3ms profiled=82.4ms scan_wall=77% scan_cpu=53% scan_busy=81% load=16.1
duckdb tpch 10.0 q15 V2: iters=24 hot=83.3ms profiled=63.0ms scan_wall=61% scan_cpu=54% scan_busy=66% load=15.7
duckdb tpch 10.0 q16 V1: iters=42 hot=48.1ms profiled=48.1ms scan_wall=24% scan_cpu=18% scan_busy=34% load=14.8
duckdb tpch 10.0 q16 V2: iters=42 hot=48.1ms profiled=48.6ms scan_wall=20% scan_cpu=18% scan_busy=26% load=14.8
duckdb tpch 10.0 q17 V1: iters=16 hot=130.7ms profiled=119.2ms scan_wall=71% scan_cpu=47% scan_busy=73% load=15.2
duckdb tpch 10.0 q17 V2: iters=16 hot=130.7ms profiled=95.8ms scan_wall=61% scan_cpu=50% scan_busy=62% load=16.4
duckdb tpch 10.0 q19 V1: iters=27 hot=76.8ms profiled=77.4ms scan_wall=79% scan_cpu=69% scan_busy=85% load=15.5
duckdb tpch 10.0 q19 V2: iters=27 hot=76.8ms profiled=71.9ms scan_wall=72% scan_cpu=69% scan_busy=80% load=14.4
duckdb tpch 10.0 q20 V1: iters=15 hot=140.4ms profiled=118.0ms scan_wall=72% scan_cpu=56% scan_busy=76% load=13.8
duckdb tpch 10.0 q20 V2: iters=15 hot=140.4ms profiled=102.8ms scan_wall=61% scan_cpu=57% scan_busy=67% load=13.8
duckdb tpch 10.0 q21 V1: iters=5 hot=444.5ms profiled=415.2ms scan_wall=50% scan_cpu=43% scan_busy=59% load=17.3
duckdb tpch 10.0 q21 V2: iters=5 hot=444.5ms profiled=391.0ms scan_wall=40% scan_cpu=38% scan_busy=48% load=18.7
duckdb tpch 10.0 q22 V1: iters=36 hot=55.9ms profiled=50.5ms scan_wall=41% scan_cpu=24% scan_busy=49% load=17.6
duckdb tpch 10.0 q22 V2: iters=36 hot=55.9ms profiled=51.4ms scan_wall=38% scan_cpu=33% scan_busy=48% load=16.5
=== 16:11:20 duckdb clickbench load: 16.45 18.34 23.64
duckdb clickbench - q0 V1: iters=400 hot=1.0ms profiled=0.7ms scan_wall=60% scan_cpu=62% scan_busy=70% load=16.5
duckdb clickbench - q0 V2: iters=400 hot=1.0ms profiled=0.7ms scan_wall=61% scan_cpu=61% scan_busy=66% load=16.5
duckdb clickbench - q1 V1: iters=158 hot=12.7ms profiled=13.5ms scan_wall=95% scan_cpu=98% scan_busy=99% load=15.8
duckdb clickbench - q1 V2: iters=158 hot=12.7ms profiled=10.0ms scan_wall=92% scan_cpu=98% scan_busy=99% load=15.8
duckdb clickbench - q2 V1: iters=117 hot=17.1ms profiled=17.7ms scan_wall=96% scan_cpu=99% scan_busy=99% load=13.8
duckdb clickbench - q2 V2: iters=117 hot=17.1ms profiled=10.2ms scan_wall=92% scan_cpu=98% scan_busy=99% load=13.8
duckdb clickbench - q3 V1: iters=45 hot=45.2ms profiled=49.2ms scan_wall=86% scan_cpu=68% scan_busy=87% load=13.2
duckdb clickbench - q3 V2: iters=45 hot=45.2ms profiled=32.2ms scan_wall=75% scan_cpu=66% scan_busy=77% load=14.8
duckdb clickbench - q4 V1: iters=13 hot=163.2ms profiled=177.2ms scan_wall=34% scan_cpu=18% scan_busy=36% load=13.8
duckdb clickbench - q4 V2: iters=13 hot=163.2ms profiled=159.2ms scan_wall=26% scan_cpu=18% scan_busy=27% load=13.1
duckdb clickbench - q5 V1: iters=13 hot=161.0ms profiled=161.2ms scan_wall=45% scan_cpu=30% scan_busy=47% load=12.4
duckdb clickbench - q5 V2: iters=13 hot=161.0ms profiled=150.2ms scan_wall=37% scan_cpu=28% scan_busy=38% load=12.4
duckdb clickbench - q6 V1: iters=400 hot=1.2ms profiled=0.8ms scan_wall=61% scan_cpu=70% scan_busy=84% load=12.4
duckdb clickbench - q6 V2: iters=400 hot=1.2ms profiled=0.8ms scan_wall=62% scan_cpu=75% scan_busy=81% load=12.4
duckdb clickbench - q7 V1: iters=121 hot=16.6ms profiled=16.0ms scan_wall=89% scan_cpu=91% scan_busy=95% load=12.7
duckdb clickbench - q7 V2: iters=121 hot=16.6ms profiled=11.2ms scan_wall=84% scan_cpu=89% scan_busy=94% load=12.3
duckdb clickbench - q8 V1: iters=9 hot=225.1ms profiled=233.1ms scan_wall=38% scan_cpu=23% scan_busy=39% load=13.4
duckdb clickbench - q8 V2: iters=9 hot=225.1ms profiled=230.9ms scan_wall=28% scan_cpu=21% scan_busy=29% load=17.4
duckdb clickbench - q9 V1: iters=7 hot=328.5ms profiled=341.2ms scan_wall=30% scan_cpu=21% scan_busy=30% load=16.9
duckdb clickbench - q9 V2: iters=7 hot=328.5ms profiled=338.7ms scan_wall=25% scan_cpu=20% scan_busy=26% load=16.5
duckdb clickbench - q10 V1: iters=30 hot=68.3ms profiled=75.1ms scan_wall=83% scan_cpu=69% scan_busy=86% load=16.7
duckdb clickbench - q10 V2: iters=30 hot=68.3ms profiled=73.6ms scan_wall=76% scan_cpu=66% scan_busy=79% load=16.0
duckdb clickbench - q11 V1: iters=26 hot=79.6ms profiled=84.7ms scan_wall=83% scan_cpu=70% scan_busy=85% load=15.5
duckdb clickbench - q11 V2: iters=26 hot=79.6ms profiled=64.2ms scan_wall=76% scan_cpu=71% scan_busy=79% load=14.8
duckdb clickbench - q12 V1: iters=12 hot=179.3ms profiled=174.5ms scan_wall=48% scan_cpu=34% scan_busy=50% load=14.7
duckdb clickbench - q12 V2: iters=12 hot=179.3ms profiled=165.3ms scan_wall=43% scan_cpu=34% scan_busy=45% load=14.4
duckdb clickbench - q13 V1: iters=6 hot=365.8ms profiled=360.4ms scan_wall=45% scan_cpu=29% scan_busy=48% load=14.4
duckdb clickbench - q13 V2: iters=6 hot=365.8ms profiled=347.0ms scan_wall=42% scan_cpu=32% scan_busy=44% load=16.9
duckdb clickbench - q14 V1: iters=10 hot=221.5ms profiled=204.2ms scan_wall=53% scan_cpu=37% scan_busy=55% load=17.3
duckdb clickbench - q14 V2: iters=10 hot=221.5ms profiled=189.7ms scan_wall=44% scan_cpu=34% scan_busy=45% load=18.2
duckdb clickbench - q15 V1: iters=8 hot=252.5ms profiled=236.4ms scan_wall=26% scan_cpu=13% scan_busy=27% load=19.6
duckdb clickbench - q15 V2: iters=8 hot=252.5ms profiled=217.1ms scan_wall=20% scan_cpu=14% scan_busy=21% load=19.5
duckdb clickbench - q16 V1: iters=5 hot=468.2ms profiled=458.4ms scan_wall=30% scan_cpu=20% scan_busy=31% load=20.2
duckdb clickbench - q16 V2: iters=5 hot=468.2ms profiled=474.1ms scan_wall=25% scan_cpu=18% scan_busy=26% load=19.1
duckdb clickbench - q17 V1: iters=6 hot=353.8ms profiled=346.8ms scan_wall=32% scan_cpu=21% scan_busy=34% load=19.1
duckdb clickbench - q17 V2: iters=6 hot=353.8ms profiled=355.5ms scan_wall=30% scan_cpu=22% scan_busy=32% load=19.3
duckdb clickbench - q18 V1: iters=3 hot=795.5ms profiled=821.1ms scan_wall=25% scan_cpu=15% scan_busy=26% load=21.4
duckdb clickbench - q18 V2: iters=3 hot=795.5ms profiled=817.5ms scan_wall=23% scan_cpu=17% scan_busy=24% load=22.9
duckdb clickbench - q19 V1: iters=83 hot=24.3ms profiled=28.5ms scan_wall=97% scan_cpu=99% scan_busy=100% load=22.4
duckdb clickbench - q19 V2: iters=83 hot=24.3ms profiled=21.2ms scan_wall=96% scan_cpu=99% scan_busy=100% load=24.8
duckdb clickbench - q20 V1: iters=4 hot=504.2ms profiled=531.2ms scan_wall=99% scan_cpu=100% scan_busy=100% load=25.2
duckdb clickbench - q20 V2: iters=4 hot=504.2ms profiled=620.9ms scan_wall=100% scan_cpu=100% scan_busy=100% load=24.7
duckdb clickbench - q21 V1: iters=6 hot=383.7ms profiled=487.7ms scan_wall=99% scan_cpu=99% scan_busy=100% load=25.9
duckdb clickbench - q21 V2: iters=6 hot=383.7ms profiled=437.7ms scan_wall=99% scan_cpu=100% scan_busy=100% load=24.4
duckdb clickbench - q22 V1: iters=3 hot=672.5ms profiled=687.7ms scan_wall=99% scan_cpu=97% scan_busy=99% load=22.7
duckdb clickbench - q22 V2: iters=3 hot=672.5ms profiled=697.9ms scan_wall=98% scan_cpu=97% scan_busy=99% load=20.9
duckdb clickbench - q23 V1: iters=28 hot=73.8ms profiled=86.6ms scan_wall=95% scan_cpu=98% scan_busy=98% load=19.8
duckdb clickbench - q23 V2: iters=28 hot=73.8ms profiled=93.8ms scan_wall=94% scan_cpu=97% scan_busy=98% load=26.2
duckdb clickbench - q24 V1: iters=96 hot=20.8ms profiled=24.6ms scan_wall=94% scan_cpu=97% scan_busy=99% load=25.7
duckdb clickbench - q24 V2: iters=96 hot=20.8ms profiled=21.5ms scan_wall=92% scan_cpu=97% scan_busy=99% load=25.0
duckdb clickbench - q25 V1: iters=37 hot=55.4ms profiled=65.9ms scan_wall=99% scan_cpu=99% scan_busy=100% load=23.5
duckdb clickbench - q25 V2: iters=37 hot=55.4ms profiled=47.9ms scan_wall=97% scan_cpu=99% scan_busy=99% load=21.9
duckdb clickbench - q26 V1: iters=116 hot=17.4ms profiled=20.7ms scan_wall=94% scan_cpu=95% scan_busy=98% load=20.6
duckdb clickbench - q26 V2: iters=116 hot=17.4ms profiled=17.6ms scan_wall=93% scan_cpu=96% scan_busy=98% load=20.4
duckdb clickbench - q27 V1: iters=9 hot=236.9ms profiled=277.6ms scan_wall=88% scan_cpu=76% scan_busy=89% load=20.7
duckdb clickbench - q27 V2: iters=9 hot=236.9ms profiled=269.4ms scan_wall=80% scan_cpu=64% scan_busy=81% load=33.2
duckdb clickbench - q28 V1: iters=3 hot=3280.0ms profiled=3581.5ms scan_wall=15% scan_cpu=9% scan_busy=16% load=39.3
duckdb clickbench - q28 V2: iters=3 hot=3280.0ms profiled=3755.0ms scan_wall=13% scan_cpu=7% scan_busy=13% load=49.9
duckdb clickbench - q29 V1: iters=101 hot=19.9ms profiled=21.3ms scan_wall=82% scan_cpu=89% scan_busy=96% load=46.7
duckdb clickbench - q29 V2: iters=101 hot=19.9ms profiled=13.2ms scan_wall=70% scan_cpu=88% scan_busy=94% load=46.7
duckdb clickbench - q30 V1: iters=12 hot=168.4ms profiled=185.4ms scan_wall=66% scan_cpu=53% scan_busy=69% load=46.1
duckdb clickbench - q30 V2: iters=12 hot=168.4ms profiled=203.4ms scan_wall=66% scan_cpu=55% scan_busy=68% load=51.8
duckdb clickbench - q31 V1: iters=8 hot=250.0ms profiled=258.9ms scan_wall=73% scan_cpu=57% scan_busy=75% load=49.7
duckdb clickbench - q31 V2: iters=8 hot=250.0ms profiled=264.4ms scan_wall=71% scan_cpu=62% scan_busy=74% load=47.9
duckdb clickbench - q32 V1: iters=3 hot=898.2ms profiled=890.3ms scan_wall=21% scan_cpu=13% scan_busy=24% load=48.0
duckdb clickbench - q32 V2: iters=3 hot=898.2ms profiled=929.0ms scan_wall=15% scan_cpu=11% scan_busy=17% load=45.6
duckdb clickbench - q33 V1: iters=3 hot=835.2ms profiled=963.2ms scan_wall=53% scan_cpu=38% scan_busy=54% load=43.9
duckdb clickbench - q33 V2: iters=3 hot=835.2ms profiled=975.5ms scan_wall=43% scan_cpu=31% scan_busy=45% load=42.7
duckdb clickbench - q34 V1: iters=3 hot=1035.8ms profiled=1072.8ms scan_wall=45% scan_cpu=30% scan_busy=46% load=41.7
duckdb clickbench - q34 V2: iters=3 hot=1035.8ms profiled=1047.2ms scan_wall=40% scan_cpu=28% scan_busy=41% load=41.8
duckdb clickbench - q35 V1: iters=7 hot=308.6ms profiled=341.9ms scan_wall=18% scan_cpu=9% scan_busy=19% load=41.7
duckdb clickbench - q35 V2: iters=7 hot=308.6ms profiled=335.3ms scan_wall=13% scan_cpu=7% scan_busy=13% load=54.5
duckdb clickbench - q36 V1: iters=140 hot=14.3ms profiled=15.1ms scan_wall=71% scan_cpu=61% scan_busy=80% load=51.8
duckdb clickbench - q36 V2: iters=140 hot=14.3ms profiled=14.6ms scan_wall=69% scan_cpu=62% scan_busy=77% load=49.7
duckdb clickbench - q37 V1: iters=271 hot=7.4ms profiled=7.8ms scan_wall=73% scan_cpu=75% scan_busy=87% load=47.6
duckdb clickbench - q37 V2: iters=271 hot=7.4ms profiled=8.4ms scan_wall=73% scan_cpu=77% scan_busy=88% load=45.3
duckdb clickbench - q38 V1: iters=169 hot=11.9ms profiled=12.4ms scan_wall=84% scan_cpu=88% scan_busy=95% load=43.5
duckdb clickbench - q38 V2: iters=169 hot=11.9ms profiled=12.0ms scan_wall=81% scan_cpu=87% scan_busy=94% load=42.5
duckdb clickbench - q39 V1: iters=73 hot=27.5ms profiled=32.4ms scan_wall=63% scan_cpu=49% scan_busy=71% load=41.2
duckdb clickbench - q39 V2: iters=73 hot=27.5ms profiled=28.1ms scan_wall=55% scan_cpu=47% scan_busy=63% load=46.7
duckdb clickbench - q40 V1: iters=266 hot=7.5ms profiled=7.6ms scan_wall=78% scan_cpu=84% scan_busy=93% load=43.3
duckdb clickbench - q40 V2: iters=266 hot=7.5ms profiled=8.2ms scan_wall=78% scan_cpu=84% scan_busy=93% load=40.5
duckdb clickbench - q41 V1: iters=261 hot=7.7ms profiled=7.9ms scan_wall=74% scan_cpu=83% scan_busy=93% load=38.5
duckdb clickbench - q41 V2: iters=261 hot=7.7ms profiled=8.1ms scan_wall=72% scan_cpu=83% scan_busy=92% load=41.0
duckdb clickbench - q42 V1: iters=279 hot=7.2ms profiled=7.9ms scan_wall=64% scan_cpu=63% scan_busy=80% load=37.9
duckdb clickbench - q42 V2: iters=279 hot=7.2ms profiled=8.1ms scan_wall=61% scan_cpu=63% scan_busy=79% load=35.5
=== 16:18:36 duckdb tpch 1.0 load: 35.54 31.37 27.42
duckdb tpch 1.0 q1 V1: iters=103 hot=19.5ms profiled=22.4ms scan_wall=37% scan_cpu=22% scan_busy=40% load=33.7
duckdb tpch 1.0 q1 V2: iters=103 hot=19.5ms profiled=23.6ms scan_wall=28% scan_cpu=21% scan_busy=33% load=31.8
duckdb tpch 1.0 q2 V1: iters=194 hot=10.3ms profiled=10.7ms scan_wall=44% scan_cpu=39% scan_busy=66% load=29.4
duckdb tpch 1.0 q2 V2: iters=194 hot=10.3ms profiled=10.1ms scan_wall=43% scan_cpu=45% scan_busy=54% load=29.4
duckdb tpch 1.0 q3 V1: iters=141 hot=14.2ms profiled=17.3ms scan_wall=59% scan_cpu=55% scan_busy=79% load=27.6
duckdb tpch 1.0 q3 V2: iters=141 hot=14.2ms profiled=15.4ms scan_wall=45% scan_cpu=51% scan_busy=66% load=29.5
duckdb tpch 1.0 q4 V1: iters=137 hot=14.7ms profiled=17.3ms scan_wall=48% scan_cpu=48% scan_busy=69% load=28.6
duckdb tpch 1.0 q4 V2: iters=137 hot=14.7ms profiled=15.9ms scan_wall=36% scan_cpu=41% scan_busy=56% load=27.6
duckdb tpch 1.0 q5 V1: iters=99 hot=20.3ms profiled=22.9ms scan_wall=53% scan_cpu=47% scan_busy=73% load=27.9
duckdb tpch 1.0 q5 V2: iters=99 hot=20.3ms profiled=20.8ms scan_wall=39% scan_cpu=44% scan_busy=59% load=26.2
duckdb tpch 1.0 q6 V1: iters=345 hot=5.8ms profiled=6.6ms scan_wall=91% scan_cpu=96% scan_busy=99% load=24.8
duckdb tpch 1.0 q6 V2: iters=345 hot=5.8ms profiled=4.8ms scan_wall=87% scan_cpu=95% scan_busy=97% load=23.2
duckdb tpch 1.0 q7 V1: iters=115 hot=17.4ms profiled=19.7ms scan_wall=64% scan_cpu=63% scan_busy=84% load=21.7
duckdb tpch 1.0 q7 V2: iters=115 hot=17.4ms profiled=17.0ms scan_wall=49% scan_cpu=59% scan_busy=71% load=20.7
duckdb tpch 1.0 q8 V1: iters=99 hot=20.2ms profiled=22.4ms scan_wall=68% scan_cpu=67% scan_busy=86% load=20.7
duckdb tpch 1.0 q8 V2: iters=99 hot=20.2ms profiled=19.0ms scan_wall=54% scan_cpu=66% scan_busy=76% load=24.1
duckdb tpch 1.0 q9 V1: iters=53 hot=38.0ms profiled=44.9ms scan_wall=41% scan_cpu=28% scan_busy=51% load=32.7
duckdb tpch 1.0 q9 V2: iters=53 hot=38.0ms profiled=42.3ms scan_wall=31% scan_cpu=25% scan_busy=38% load=31.8
duckdb tpch 1.0 q10 V1: iters=89 hot=22.7ms profiled=26.0ms scan_wall=47% scan_cpu=37% scan_busy=65% load=30.6
duckdb tpch 1.0 q10 V2: iters=89 hot=22.7ms profiled=25.8ms scan_wall=39% scan_cpu=37% scan_busy=57% load=28.6
duckdb tpch 1.0 q11 V1: iters=319 hot=6.3ms profiled=5.9ms scan_wall=47% scan_cpu=42% scan_busy=65% load=26.6
duckdb tpch 1.0 q11 V2: iters=319 hot=6.3ms profiled=6.0ms scan_wall=43% scan_cpu=40% scan_busy=60% load=25.4
duckdb tpch 1.0 q12 V1: iters=144 hot=14.0ms profiled=16.2ms scan_wall=75% scan_cpu=74% scan_busy=89% load=24.3
duckdb tpch 1.0 q12 V2: iters=144 hot=14.0ms profiled=11.9ms scan_wall=54% scan_cpu=62% scan_busy=74% load=24.3
duckdb tpch 1.0 q13 V1: iters=88 hot=22.8ms profiled=28.9ms scan_wall=54% scan_cpu=57% scan_busy=68% load=22.4
duckdb tpch 1.0 q13 V2: iters=88 hot=22.8ms profiled=30.8ms scan_wall=52% scan_cpu=58% scan_busy=68% load=20.7
duckdb tpch 1.0 q14 V1: iters=188 hot=10.7ms profiled=11.5ms scan_wall=65% scan_cpu=66% scan_busy=90% load=27.6
duckdb tpch 1.0 q14 V2: iters=188 hot=10.7ms profiled=9.6ms scan_wall=38% scan_cpu=59% scan_busy=75% load=27.6
duckdb tpch 1.0 q15 V1: iters=214 hot=9.4ms profiled=10.5ms scan_wall=61% scan_cpu=53% scan_busy=79% load=27.1
duckdb tpch 1.0 q15 V2: iters=214 hot=9.4ms profiled=8.8ms scan_wall=50% scan_cpu=52% scan_busy=67% load=29.5
duckdb tpch 1.0 q16 V1: iters=184 hot=10.9ms profiled=11.9ms scan_wall=20% scan_cpu=14% scan_busy=27% load=30.0
duckdb tpch 1.0 q16 V2: iters=184 hot=10.9ms profiled=12.4ms scan_wall=20% scan_cpu=13% scan_busy=22% load=29.2
duckdb tpch 1.0 q17 V1: iters=118 hot=17.0ms profiled=18.2ms scan_wall=71% scan_cpu=61% scan_busy=87% load=28.3
duckdb tpch 1.0 q17 V2: iters=118 hot=17.0ms profiled=13.6ms scan_wall=59% scan_cpu=64% scan_busy=77% load=27.0
duckdb tpch 1.0 q18 V1: iters=81 hot=24.9ms profiled=30.5ms scan_wall=42% scan_cpu=25% scan_busy=54% load=26.8
duckdb tpch 1.0 q18 V2: iters=81 hot=24.9ms profiled=28.7ms scan_wall=33% scan_cpu=26% scan_busy=40% load=26.8
duckdb tpch 1.0 q19 V1: iters=141 hot=14.3ms profiled=15.8ms scan_wall=45% scan_cpu=54% scan_busy=79% load=25.5
duckdb tpch 1.0 q19 V2: iters=141 hot=14.3ms profiled=17.1ms scan_wall=28% scan_cpu=44% scan_busy=65% load=24.3
duckdb tpch 1.0 q20 V1: iters=114 hot=17.6ms profiled=19.9ms scan_wall=58% scan_cpu=51% scan_busy=76% load=29.6
duckdb tpch 1.0 q20 V2: iters=114 hot=17.6ms profiled=16.9ms scan_wall=49% scan_cpu=51% scan_busy=66% load=27.9
duckdb tpch 1.0 q21 V1: iters=42 hot=47.7ms profiled=59.9ms scan_wall=39% scan_cpu=45% scan_busy=67% load=27.3
duckdb tpch 1.0 q21 V2: iters=42 hot=47.7ms profiled=60.8ms scan_wall=28% scan_cpu=38% scan_busy=53% load=26.3
duckdb tpch 1.0 q22 V1: iters=249 hot=8.0ms profiled=8.7ms scan_wall=34% scan_cpu=23% scan_busy=55% load=25.1
duckdb tpch 1.0 q22 V2: iters=249 hot=8.0ms profiled=9.0ms scan_wall=38% scan_cpu=31% scan_busy=58% load=23.8
=== 16:21:55 datafusion tpch 10.0 load: 23.77 27.70 26.63
datafusion tpch 10.0 q2 V1: iters=24 hot=83.5ms profiled=112.3ms scan_wall=19% scan_cpu=22% scan_busy=23% load=22.6
datafusion tpch 10.0 q2 V2: iters=24 hot=83.5ms profiled=111.0ms scan_wall=19% scan_cpu=28% scan_busy=28% load=21.8
datafusion tpch 10.0 q3 V1: iters=12 hot=179.6ms profiled=168.9ms scan_wall=31% scan_cpu=49% scan_busy=49% load=21.0
datafusion tpch 10.0 q3 V2: iters=12 hot=179.6ms profiled=181.9ms scan_wall=27% scan_cpu=45% scan_busy=46% load=24.3
datafusion tpch 10.0 q4 V1: iters=21 hot=99.5ms profiled=95.8ms scan_wall=36% scan_cpu=54% scan_busy=54% load=25.1
datafusion tpch 10.0 q4 V2: iters=21 hot=99.5ms profiled=111.1ms scan_wall=31% scan_cpu=46% scan_busy=48% load=23.6
datafusion tpch 10.0 q5 V1: iters=6 hot=365.3ms profiled=346.3ms scan_wall=18% scan_cpu=27% scan_busy=28% load=22.1
datafusion tpch 10.0 q5 V2: iters=6 hot=365.3ms profiled=358.0ms scan_wall=18% scan_cpu=26% scan_busy=27% load=21.1
datafusion tpch 10.0 q7 V1: iters=4 hot=515.9ms profiled=460.3ms scan_wall=12% scan_cpu=17% scan_busy=17% load=21.1
datafusion tpch 10.0 q7 V2: iters=4 hot=515.9ms profiled=469.9ms scan_wall=17% scan_cpu=15% scan_busy=18% load=21.8
datafusion tpch 10.0 q8 V1: iters=7 hot=311.7ms profiled=292.7ms scan_wall=23% scan_cpu=31% scan_busy=32% load=22.6
datafusion tpch 10.0 q8 V2: iters=7 hot=311.7ms profiled=289.0ms scan_wall=24% scan_cpu=35% scan_busy=36% load=24.3
datafusion tpch 10.0 q9 V1: iters=4 hot=613.2ms profiled=553.4ms scan_wall=18% scan_cpu=27% scan_busy=27% load=25.3
datafusion tpch 10.0 q9 V2: iters=4 hot=613.2ms profiled=565.5ms scan_wall=20% scan_cpu=28% scan_busy=29% load=24.4
datafusion tpch 10.0 q10 V1: iters=10 hot=221.6ms profiled=199.0ms scan_wall=26% scan_cpu=34% scan_busy=35% load=25.0
datafusion tpch 10.0 q10 V2: iters=10 hot=221.6ms profiled=218.9ms scan_wall=28% scan_cpu=38% scan_busy=40% load=25.8
datafusion tpch 10.0 q11 V1: iters=29 hot=70.0ms profiled=63.4ms scan_wall=17% scan_cpu=23% scan_busy=23% load=25.2
datafusion tpch 10.0 q11 V2: iters=29 hot=70.0ms profiled=65.0ms scan_wall=18% scan_cpu=29% scan_busy=29% load=23.6
datafusion tpch 10.0 q12 V1: iters=19 hot=110.3ms profiled=106.0ms scan_wall=48% scan_cpu=71% scan_busy=73% load=22.3
datafusion tpch 10.0 q12 V2: iters=19 hot=110.3ms profiled=141.0ms scan_wall=41% scan_cpu=59% scan_busy=62% load=21.2
datafusion tpch 10.0 q13 V1: iters=9 hot=246.3ms profiled=219.1ms scan_wall=46% scan_cpu=51% scan_busy=52% load=20.7
datafusion tpch 10.0 q13 V2: iters=9 hot=246.3ms profiled=222.5ms scan_wall=45% scan_cpu=50% scan_busy=52% load=19.4
datafusion tpch 10.0 q14 V1: iters=34 hot=59.7ms profiled=56.4ms scan_wall=47% scan_cpu=71% scan_busy=72% load=18.5
datafusion tpch 10.0 q14 V2: iters=34 hot=59.7ms profiled=57.2ms scan_wall=46% scan_cpu=73% scan_busy=74% load=18.8
datafusion tpch 10.0 q15 V1: iters=20 hot=103.2ms profiled=91.8ms scan_wall=61% scan_cpu=83% scan_busy=84% load=18.8
datafusion tpch 10.0 q15 V2: iters=20 hot=103.2ms profiled=92.3ms scan_wall=59% scan_cpu=86% scan_busy=87% load=20.5
datafusion tpch 10.0 q16 V1: iters=31 hot=65.3ms profiled=54.8ms scan_wall=15% scan_cpu=14% scan_busy=14% load=21.2
datafusion tpch 10.0 q16 V2: iters=31 hot=65.3ms profiled=54.9ms scan_wall=16% scan_cpu=20% scan_busy=20% load=19.6
datafusion tpch 10.0 q17 V1: iters=3 hot=674.4ms profiled=600.9ms scan_wall=15% scan_cpu=19% scan_busy=20% load=18.2
datafusion tpch 10.0 q17 V2: iters=3 hot=674.4ms profiled=628.8ms scan_wall=14% scan_cpu=19% scan_busy=20% load=17.2
datafusion tpch 10.0 q19 V1: iters=31 hot=65.9ms profiled=58.7ms scan_wall=82% scan_cpu=92% scan_busy=92% load=16.6
datafusion tpch 10.0 q19 V2: iters=31 hot=65.9ms profiled=74.2ms scan_wall=85% scan_cpu=94% scan_busy=95% load=28.2
datafusion tpch 10.0 q20 V1: iters=13 hot=163.0ms profiled=140.9ms scan_wall=28% scan_cpu=39% scan_busy=40% load=40.0
datafusion tpch 10.0 q20 V2: iters=13 hot=163.0ms profiled=141.4ms scan_wall=28% scan_cpu=39% scan_busy=41% load=40.0
datafusion tpch 10.0 q21 V1: iters=3 hot=675.5ms profiled=601.1ms scan_wall=14% scan_cpu=20% scan_busy=20% load=38.0
datafusion tpch 10.0 q21 V2: iters=3 hot=675.5ms profiled=599.2ms scan_wall=15% scan_cpu=17% scan_busy=18% load=36.5
datafusion tpch 10.0 q22 V1: iters=35 hot=58.1ms profiled=46.7ms scan_wall=21% scan_cpu=20% scan_busy=20% load=37.8
datafusion tpch 10.0 q22 V2: iters=35 hot=58.1ms profiled=48.3ms scan_wall=22% scan_cpu=25% scan_busy=26% load=36.0
=== 16:24:51 datafusion clickbench load: 36.01 28.67 27.04
datafusion clickbench - q0 V1: iters=400 hot=0.6ms profiled=0.6ms scan_wall=5% scan_cpu=36% scan_busy=39% load=36.0
datafusion clickbench - q0 V2: iters=400 hot=0.6ms profiled=0.6ms scan_wall=3% scan_cpu=11% scan_busy=22% load=33.8
datafusion clickbench - q1 V1: iters=212 hot=9.5ms profiled=10.4ms scan_wall=82% scan_cpu=94% scan_busy=94% load=31.5
datafusion clickbench - q1 V2: iters=212 hot=9.5ms profiled=9.1ms scan_wall=81% scan_cpu=95% scan_busy=95% load=29.3
datafusion clickbench - q2 V1: iters=69 hot=29.4ms profiled=32.7ms scan_wall=60% scan_cpu=66% scan_busy=68% load=27.5
datafusion clickbench - q2 V2: iters=69 hot=29.4ms profiled=33.2ms scan_wall=59% scan_cpu=62% scan_busy=65% load=26.0
datafusion clickbench - q3 V1: iters=70 hot=28.9ms profiled=32.2ms scan_wall=71% scan_cpu=77% scan_busy=80% load=26.9
datafusion clickbench - q3 V2: iters=70 hot=28.9ms profiled=33.3ms scan_wall=69% scan_cpu=74% scan_busy=78% load=27.0
datafusion clickbench - q4 V1: iters=7 hot=296.0ms profiled=267.9ms scan_wall=9% scan_cpu=8% scan_busy=10% load=25.1
datafusion clickbench - q4 V2: iters=7 hot=296.0ms profiled=268.8ms scan_wall=10% scan_cpu=6% scan_busy=11% load=23.7
datafusion clickbench - q5 V1: iters=7 hot=317.2ms profiled=284.4ms scan_wall=14% scan_cpu=13% scan_busy=17% load=22.4
datafusion clickbench - q5 V2: iters=7 hot=317.2ms profiled=403.2ms scan_wall=17% scan_cpu=14% scan_busy=19% load=21.7
datafusion clickbench - q6 V1: iters=400 hot=0.9ms profiled=0.6ms scan_wall=5% scan_cpu=25% scan_busy=29% load=21.7
datafusion clickbench - q6 V2: iters=400 hot=0.9ms profiled=0.6ms scan_wall=3% scan_cpu=10% scan_busy=24% load=21.7
datafusion clickbench - q7 V1: iters=136 hot=14.7ms profiled=13.8ms scan_wall=78% scan_cpu=91% scan_busy=92% load=24.2
datafusion clickbench - q7 V2: iters=136 hot=14.7ms profiled=10.4ms scan_wall=73% scan_cpu=90% scan_busy=90% load=26.3
datafusion clickbench - q8 V1: iters=6 hot=396.2ms profiled=381.5ms scan_wall=11% scan_cpu=11% scan_busy=13% load=35.7
datafusion clickbench - q8 V2: iters=6 hot=396.2ms profiled=379.3ms scan_wall=12% scan_cpu=9% scan_busy=13% load=35.8
datafusion clickbench - q9 V1: iters=5 hot=467.1ms profiled=455.0ms scan_wall=9% scan_cpu=14% scan_busy=17% load=35.4
datafusion clickbench - q9 V2: iters=5 hot=467.1ms profiled=439.9ms scan_wall=11% scan_cpu=14% scan_busy=19% load=33.0
datafusion clickbench - q10 V1: iters=33 hot=62.0ms profiled=60.8ms scan_wall=63% scan_cpu=68% scan_busy=71% load=31.4
datafusion clickbench - q10 V2: iters=33 hot=62.0ms profiled=62.3ms scan_wall=59% scan_cpu=65% scan_busy=69% load=37.8
datafusion clickbench - q11 V1: iters=25 hot=81.4ms profiled=72.6ms scan_wall=63% scan_cpu=68% scan_busy=72% load=35.2
datafusion clickbench - q11 V2: iters=25 hot=81.4ms profiled=68.9ms scan_wall=58% scan_cpu=65% scan_busy=68% load=32.7
datafusion clickbench - q12 V1: iters=8 hot=278.1ms profiled=240.8ms scan_wall=19% scan_cpu=17% scan_busy=22% load=32.7
datafusion clickbench - q12 V2: iters=8 hot=278.1ms profiled=241.3ms scan_wall=19% scan_cpu=16% scan_busy=22% load=31.9
datafusion clickbench - q13 V1: iters=5 hot=439.2ms profiled=383.8ms scan_wall=20% scan_cpu=20% scan_busy=22% load=30.9
datafusion clickbench - q13 V2: iters=5 hot=439.2ms profiled=399.7ms scan_wall=20% scan_cpu=20% scan_busy=22% load=30.5
datafusion clickbench - q14 V1: iters=7 hot=288.3ms profiled=254.8ms scan_wall=20% scan_cpu=20% scan_busy=25% load=29.6
datafusion clickbench - q14 V2: iters=7 hot=288.3ms profiled=249.7ms scan_wall=21% scan_cpu=18% scan_busy=25% load=27.5
datafusion clickbench - q15 V1: iters=6 hot=349.1ms profiled=310.6ms scan_wall=7% scan_cpu=6% scan_busy=8% load=26.3
datafusion clickbench - q15 V2: iters=6 hot=349.1ms profiled=307.1ms scan_wall=9% scan_cpu=6% scan_busy=10% load=25.5
datafusion clickbench - q16 V1: iters=3 hot=751.0ms profiled=652.6ms scan_wall=9% scan_cpu=7% scan_busy=11% load=25.5
datafusion clickbench - q16 V2: iters=3 hot=751.0ms profiled=653.1ms scan_wall=8% scan_cpu=7% scan_busy=10% load=25.9
datafusion clickbench - q17 V1: iters=3 hot=759.5ms profiled=640.6ms scan_wall=8% scan_cpu=7% scan_busy=9% load=27.5
datafusion clickbench - q17 V2: iters=3 hot=759.5ms profiled=650.8ms scan_wall=10% scan_cpu=8% scan_busy=12% load=25.7
datafusion clickbench - q18 V1: iters=3 hot=1528.6ms profiled=1408.3ms scan_wall=7% scan_cpu=8% scan_busy=9% load=37.1
datafusion clickbench - q18 V2: iters=3 hot=1528.6ms profiled=1343.9ms scan_wall=6% scan_cpu=5% scan_busy=7% load=41.4
datafusion clickbench - q19 V1: iters=84 hot=24.0ms profiled=18.4ms scan_wall=88% scan_cpu=96% scan_busy=97% load=41.4
datafusion clickbench - q19 V2: iters=84 hot=24.0ms profiled=20.8ms scan_wall=90% scan_cpu=97% scan_busy=98% load=42.9
datafusion clickbench - q20 V1: iters=4 hot=595.5ms profiled=596.7ms scan_wall=99% scan_cpu=100% scan_busy=100% load=43.4
datafusion clickbench - q20 V2: iters=4 hot=595.5ms profiled=352.8ms scan_wall=98% scan_cpu=99% scan_busy=99% load=41.1
datafusion clickbench - q21 V1: iters=5 hot=462.3ms profiled=380.2ms scan_wall=96% scan_cpu=99% scan_busy=99% load=40.6
datafusion clickbench - q21 V2: iters=5 hot=462.3ms profiled=383.1ms scan_wall=97% scan_cpu=99% scan_busy=99% load=43.6
datafusion clickbench - q22 V1: iters=4 hot=508.3ms profiled=446.2ms scan_wall=97% scan_cpu=99% scan_busy=99% load=44.2
datafusion clickbench - q22 V2: iters=4 hot=508.3ms profiled=496.3ms scan_wall=96% scan_cpu=99% scan_busy=99% load=43.8
datafusion clickbench - q23 V1: iters=5 hot=463.3ms profiled=433.8ms scan_wall=95% scan_cpu=99% scan_busy=99% load=44.0
datafusion clickbench - q23 V2: iters=5 hot=463.3ms profiled=607.5ms scan_wall=94% scan_cpu=99% scan_busy=99% load=46.3
datafusion clickbench - q24 V1: iters=57 hot=35.3ms profiled=29.4ms scan_wall=87% scan_cpu=97% scan_busy=97% load=43.1
datafusion clickbench - q24 V2: iters=57 hot=35.3ms profiled=28.9ms scan_wall=85% scan_cpu=96% scan_busy=97% load=39.9
datafusion clickbench - q25 V1: iters=29 hot=69.0ms profiled=59.5ms scan_wall=91% scan_cpu=95% scan_busy=95% load=37.0
datafusion clickbench - q25 V2: iters=29 hot=69.0ms profiled=57.1ms scan_wall=89% scan_cpu=95% scan_busy=95% load=34.7
datafusion clickbench - q26 V1: iters=58 hot=34.7ms profiled=29.8ms scan_wall=86% scan_cpu=96% scan_busy=96% load=33.1
datafusion clickbench - q26 V2: iters=58 hot=34.7ms profiled=30.2ms scan_wall=85% scan_cpu=96% scan_busy=97% load=31.3
datafusion clickbench - q27 V1: iters=5 hot=464.2ms profiled=433.7ms scan_wall=70% scan_cpu=72% scan_busy=75% load=30.0
datafusion clickbench - q27 V2: iters=5 hot=464.2ms profiled=447.8ms scan_wall=73% scan_cpu=74% scan_busy=77% load=27.8
datafusion clickbench - q28 V1: iters=3 hot=2690.4ms profiled=2520.0ms scan_wall=8% scan_cpu=8% scan_busy=9% load=28.9
datafusion clickbench - q28 V2: iters=3 hot=2690.4ms profiled=2466.4ms scan_wall=8% scan_cpu=8% scan_busy=9% load=27.0
datafusion clickbench - q29 V1: iters=67 hot=30.2ms profiled=28.5ms scan_wall=41% scan_cpu=81% scan_busy=82% load=25.8
datafusion clickbench - q29 V2: iters=67 hot=30.2ms profiled=31.7ms scan_wall=41% scan_cpu=76% scan_busy=77% load=24.1
datafusion clickbench - q30 V1: iters=8 hot=252.6ms profiled=232.6ms scan_wall=37% scan_cpu=37% scan_busy=41% load=22.6
datafusion clickbench - q30 V2: iters=8 hot=252.6ms profiled=228.9ms scan_wall=34% scan_cpu=32% scan_busy=39% load=22.6
datafusion clickbench - q31 V1: iters=8 hot=260.6ms profiled=235.1ms scan_wall=46% scan_cpu=48% scan_busy=51% load=22.2
datafusion clickbench - q31 V2: iters=8 hot=260.6ms profiled=242.2ms scan_wall=51% scan_cpu=53% scan_busy=56% load=22.9
datafusion clickbench - q32 V1: iters=3 hot=1133.4ms profiled=1186.7ms scan_wall=8% scan_cpu=8% scan_busy=8% load=22.4
datafusion clickbench - q32 V2: iters=3 hot=1133.4ms profiled=1194.0ms scan_wall=10% scan_cpu=10% scan_busy=11% load=19.5
datafusion clickbench - q33 V1: iters=3 hot=1599.2ms profiled=1722.3ms scan_wall=12% scan_cpu=13% scan_busy=15% load=24.1
datafusion clickbench - q33 V2: iters=3 hot=1599.2ms profiled=1682.6ms scan_wall=14% scan_cpu=13% scan_busy=17% load=22.3
datafusion clickbench - q34 V1: iters=3 hot=1673.3ms profiled=1671.3ms scan_wall=12% scan_cpu=14% scan_busy=16% load=23.1
datafusion clickbench - q34 V2: iters=3 hot=1673.3ms profiled=1726.3ms scan_wall=11% scan_cpu=13% scan_busy=15% load=23.4
datafusion clickbench - q35 V1: iters=7 hot=320.7ms profiled=321.3ms scan_wall=6% scan_cpu=6% scan_busy=7% load=21.9
datafusion clickbench - q35 V2: iters=7 hot=320.7ms profiled=311.0ms scan_wall=7% scan_cpu=5% scan_busy=7% load=20.5
datafusion clickbench - q36 V1: iters=67 hot=30.0ms profiled=27.0ms scan_wall=16% scan_cpu=36% scan_busy=40% load=19.7
datafusion clickbench - q36 V2: iters=67 hot=30.0ms profiled=28.2ms scan_wall=17% scan_cpu=38% scan_busy=40% load=19.7
datafusion clickbench - q37 V1: iters=138 hot=14.6ms profiled=14.9ms scan_wall=18% scan_cpu=38% scan_busy=42% load=19.5
datafusion clickbench - q37 V2: iters=138 hot=14.6ms profiled=16.0ms scan_wall=21% scan_cpu=50% scan_busy=52% load=18.7
datafusion clickbench - q38 V1: iters=235 hot=8.5ms profiled=8.6ms scan_wall=59% scan_cpu=83% scan_busy=85% load=18.8
datafusion clickbench - q38 V2: iters=235 hot=8.5ms profiled=10.5ms scan_wall=58% scan_cpu=84% scan_busy=85% load=17.8
datafusion clickbench - q39 V1: iters=37 hot=55.0ms profiled=57.8ms scan_wall=11% scan_cpu=25% scan_busy=29% load=17.3
datafusion clickbench - q39 V2: iters=37 hot=55.0ms profiled=58.9ms scan_wall=10% scan_cpu=24% scan_busy=27% load=16.4
datafusion clickbench - q40 V1: iters=330 hot=6.1ms profiled=6.1ms scan_wall=42% scan_cpu=65% scan_busy=66% load=16.1
datafusion clickbench - q40 V2: iters=330 hot=6.1ms profiled=6.4ms scan_wall=44% scan_cpu=70% scan_busy=71% load=15.8
datafusion clickbench - q41 V1: iters=342 hot=5.9ms profiled=5.8ms scan_wall=45% scan_cpu=68% scan_busy=70% load=15.7
datafusion clickbench - q41 V2: iters=342 hot=5.9ms profiled=6.0ms scan_wall=45% scan_cpu=75% scan_busy=76% load=16.1
datafusion clickbench - q42 V1: iters=304 hot=6.6ms profiled=6.1ms scan_wall=29% scan_cpu=54% scan_busy=56% load=15.3
datafusion clickbench - q42 V2: iters=304 hot=6.6ms profiled=6.0ms scan_wall=32% scan_cpu=63% scan_busy=63% load=14.7
=== 16:31:53 datafusion tpch 1.0 load: 14.68 24.30 26.12
datafusion tpch 1.0 q1 V1: iters=47 hot=43.2ms profiled=47.2ms scan_wall=27% scan_cpu=36% scan_busy=36% load=15.3
datafusion tpch 1.0 q1 V2: iters=47 hot=43.2ms profiled=53.3ms scan_wall=27% scan_cpu=38% scan_busy=39% load=15.2
datafusion tpch 1.0 q2 V1: iters=152 hot=13.2ms profiled=10.7ms scan_wall=29% scan_cpu=32% scan_busy=33% load=14.5
datafusion tpch 1.0 q2 V2: iters=152 hot=13.2ms profiled=10.9ms scan_wall=34% scan_cpu=40% scan_busy=40% load=13.7
datafusion tpch 1.0 q3 V1: iters=105 hot=19.2ms profiled=20.1ms scan_wall=39% scan_cpu=42% scan_busy=43% load=13.0
datafusion tpch 1.0 q3 V2: iters=105 hot=19.2ms profiled=20.2ms scan_wall=39% scan_cpu=46% scan_busy=47% load=13.1
datafusion tpch 1.0 q4 V1: iters=152 hot=13.2ms profiled=13.7ms scan_wall=38% scan_cpu=51% scan_busy=52% load=12.7
datafusion tpch 1.0 q4 V2: iters=152 hot=13.2ms profiled=15.0ms scan_wall=40% scan_cpu=62% scan_busy=63% load=12.9
datafusion tpch 1.0 q5 V1: iters=52 hot=38.8ms profiled=39.9ms scan_wall=25% scan_cpu=27% scan_busy=28% load=12.4
datafusion tpch 1.0 q5 V2: iters=52 hot=38.8ms profiled=41.0ms scan_wall=23% scan_cpu=33% scan_busy=33% load=11.7
datafusion tpch 1.0 q6 V1: iters=269 hot=7.4ms profiled=7.0ms scan_wall=86% scan_cpu=95% scan_busy=95% load=11.4
datafusion tpch 1.0 q6 V2: iters=269 hot=7.4ms profiled=5.9ms scan_wall=86% scan_cpu=96% scan_busy=96% load=10.7
datafusion tpch 1.0 q7 V1: iters=50 hot=40.6ms profiled=42.5ms scan_wall=27% scan_cpu=28% scan_busy=29% load=10.5
datafusion tpch 1.0 q7 V2: iters=50 hot=40.6ms profiled=39.2ms scan_wall=25% scan_cpu=30% scan_busy=31% load=10.0
datafusion tpch 1.0 q8 V1: iters=80 hot=25.1ms profiled=23.1ms scan_wall=38% scan_cpu=59% scan_busy=60% load=10.0
datafusion tpch 1.0 q8 V2: iters=80 hot=25.1ms profiled=24.5ms scan_wall=39% scan_cpu=71% scan_busy=71% load=10.9
datafusion tpch 1.0 q9 V1: iters=54 hot=37.5ms profiled=35.3ms scan_wall=27% scan_cpu=44% scan_busy=45% load=12.1
datafusion tpch 1.0 q9 V2: iters=54 hot=37.5ms profiled=37.7ms scan_wall=29% scan_cpu=53% scan_busy=53% load=13.1
datafusion tpch 1.0 q10 V1: iters=81 hot=24.8ms profiled=20.8ms scan_wall=43% scan_cpu=51% scan_busy=52% load=12.6
datafusion tpch 1.0 q10 V2: iters=81 hot=24.8ms profiled=21.0ms scan_wall=43% scan_cpu=58% scan_busy=58% load=12.0
datafusion tpch 1.0 q11 V1: iters=221 hot=9.1ms profiled=7.7ms scan_wall=39% scan_cpu=48% scan_busy=48% load=17.4
datafusion tpch 1.0 q11 V2: iters=221 hot=9.1ms profiled=8.3ms scan_wall=45% scan_cpu=60% scan_busy=60% load=16.5
datafusion tpch 1.0 q12 V1: iters=146 hot=13.7ms profiled=14.1ms scan_wall=56% scan_cpu=70% scan_busy=72% load=15.5
datafusion tpch 1.0 q12 V2: iters=146 hot=13.7ms profiled=13.7ms scan_wall=49% scan_cpu=76% scan_busy=77% load=14.9
datafusion tpch 1.0 q13 V1: iters=93 hot=21.6ms profiled=19.5ms scan_wall=54% scan_cpu=69% scan_busy=70% load=14.1
datafusion tpch 1.0 q13 V2: iters=93 hot=21.6ms profiled=26.2ms scan_wall=57% scan_cpu=74% scan_busy=74% load=13.8
datafusion tpch 1.0 q14 V1: iters=208 hot=9.7ms profiled=8.0ms scan_wall=53% scan_cpu=70% scan_busy=72% load=13.0
datafusion tpch 1.0 q14 V2: iters=208 hot=9.7ms profiled=7.8ms scan_wall=50% scan_cpu=74% scan_busy=75% load=12.6
datafusion tpch 1.0 q15 V1: iters=140 hot=14.4ms profiled=14.2ms scan_wall=53% scan_cpu=72% scan_busy=74% load=12.1
datafusion tpch 1.0 q15 V2: iters=140 hot=14.4ms profiled=13.5ms scan_wall=54% scan_cpu=77% scan_busy=77% load=12.1
datafusion tpch 1.0 q16 V1: iters=190 hot=10.5ms profiled=9.6ms scan_wall=19% scan_cpu=16% scan_busy=16% load=12.5
datafusion tpch 1.0 q16 V2: iters=190 hot=10.5ms profiled=9.7ms scan_wall=20% scan_cpu=22% scan_busy=23% load=12.4
datafusion tpch 1.0 q17 V1: iters=33 hot=61.6ms profiled=53.8ms scan_wall=18% scan_cpu=24% scan_busy=24% load=11.9
datafusion tpch 1.0 q17 V2: iters=33 hot=61.6ms profiled=54.2ms scan_wall=18% scan_cpu=30% scan_busy=31% load=11.2
datafusion tpch 1.0 q18 V1: iters=28 hot=71.7ms profiled=61.7ms scan_wall=14% scan_cpu=17% scan_busy=17% load=10.9
datafusion tpch 1.0 q18 V2: iters=28 hot=71.7ms profiled=64.2ms scan_wall=15% scan_cpu=24% scan_busy=25% load=10.3
datafusion tpch 1.0 q19 V1: iters=170 hot=11.8ms profiled=9.3ms scan_wall=74% scan_cpu=89% scan_busy=90% load=10.3
datafusion tpch 1.0 q19 V2: iters=170 hot=11.8ms profiled=9.3ms scan_wall=75% scan_cpu=93% scan_busy=93% load=10.1
datafusion tpch 1.0 q20 V1: iters=111 hot=18.1ms profiled=17.3ms scan_wall=35% scan_cpu=41% scan_busy=42% load=10.9
datafusion tpch 1.0 q20 V2: iters=111 hot=18.1ms profiled=18.0ms scan_wall=38% scan_cpu=45% scan_busy=46% load=11.5
datafusion tpch 1.0 q21 V1: iters=37 hot=55.4ms profiled=48.5ms scan_wall=26% scan_cpu=30% scan_busy=30% load=11.7
datafusion tpch 1.0 q21 V2: iters=37 hot=55.4ms profiled=51.4ms scan_wall=28% scan_cpu=41% scan_busy=41% load=11.0
datafusion tpch 1.0 q22 V1: iters=251 hot=8.0ms profiled=6.3ms scan_wall=28% scan_cpu=32% scan_busy=33% load=10.5
datafusion tpch 1.0 q22 V2: iters=251 hot=8.0ms profiled=7.6ms scan_wall=32% scan_cpu=41% scan_busy=42% load=10.2
=== 16:35:16 sweeps done
