---
source: vortex-btrblocks/tests/golden.rs
expression: rendered
---
input: i64, len=16384, nbytes=131072
root: vortex.dict(i64, len=16384) nbytes=6194
  metadata: all_values_referenced: true
  codes: fastlanes.bitpacked(u8, len=16384) nbytes=6146
    metadata: offset: 0
    width_table: vortex.constant(u8, len=16) nbytes=2
      metadata: scalar: 3u8
  values: vortex.primitive(i64, len=6) nbytes=48
    metadata: ptype: i64
