    Blocking waiting for file lock on package cache
    Blocking waiting for file lock on package cache
    Blocking waiting for file lock on package cache
    Checking bitflags v2.13.2
   Compiling memchr v2.8.3
    Checking libc v0.2.189
   Compiling anyhow v1.0.104
   Compiling indexmap v2.14.2
   Compiling once_cell v1.21.4
    Checking futures-core v0.3.34
   Compiling stable_deref_trait v1.2.1
    Checking zerocopy v0.8.57
    Checking smallvec v1.16.1
   Compiling zerofrom v0.1.8
    Checking futures-sink v0.3.34
   Compiling pin-project-lite v0.2.17
    Checking itoa v1.0.18
   Compiling prost-derive v0.14.4
   Compiling core-foundation-sys v0.8.7
   Compiling socket2 v0.6.5
   Compiling aho-corasick v1.1.5
    Checking slab v0.4.12
    Checking futures-channel v0.3.34
   Compiling mio v1.2.3
   Compiling serde_core v1.0.229
   Compiling litemap v0.8.3
   Compiling writeable v0.6.4
    Checking futures-util v0.3.34
    Checking yoke v0.8.3
   Compiling regex-automata v0.4.18
   Compiling tokio v1.53.1
   Compiling http v1.5.0
    Checking errno v0.3.14
   Compiling serde v1.0.229
   Compiling utf8_iter v1.0.4
   Compiling zeroize v1.9.0
    Checking scopeguard v1.2.0
    Checking getrandom v0.3.4
   Compiling ppv-lite86 v0.2.21
   Compiling aws-lc-sys v0.45.0
    Checking fnv v1.0.7
    Checking zerovec v0.11.8
    Checking zerotrie v0.2.5
   Compiling logos-codegen v0.15.1
   Compiling rustls-pki-types v1.15.1
   Compiling http-body v1.1.0
    Checking rustix v1.1.4
   Compiling tracing-core v0.1.36
   Compiling regex v1.13.1
   Compiling logos-codegen v0.16.1
   Compiling icu_normalizer_data v2.3.0
   Compiling icu_properties_data v2.3.0
   Compiling futures-io v0.3.34
   Compiling untrusted v0.9.0
   Compiling aws-lc-rs v1.18.1
   Compiling percent-encoding v2.3.2
   Compiling futures-task v0.3.34
   Compiling miette v7.6.0
   Compiling tracing v0.1.44
   Compiling tokio-util v0.7.19
    Checking tinystr v0.8.4
    Checking potential_utf v0.1.6
    Checking icu_collections v2.3.0
    Checking icu_locale_core v2.3.0
   Compiling prost v0.14.4
    Checking simdutf8 v0.1.5
   Compiling subtle v2.6.1
   Compiling atomic-waker v1.1.2
   Compiling try-lock v0.2.5
   Compiling tower-service v0.3.3
   Compiling h2 v0.4.19
   Compiling want v0.3.1
   Compiling toml_edit v0.25.15+spec-1.1.0
    Checking getrandom v0.4.3
    Checking flatbuffers v25.12.19
    Checking getrandom v0.2.17
   Compiling system-configuration-sys v0.6.0
   Compiling prost-types v0.14.4
   Compiling core-foundation v0.9.4
    Checking icu_provider v2.3.1
   Compiling httparse v1.10.1
   Compiling logos-derive v0.15.1
    Checking rustls-webpki v0.103.15
   Compiling tempfile v3.27.0
   Compiling logos-derive v0.16.1
   Compiling rand_core v0.9.5
   Compiling system-configuration v0.7.0
    Checking icu_normalizer v2.3.0
    Checking icu_properties v2.3.0
   Compiling hyper v1.11.1
   Compiling petgraph v0.8.3
    Checking vortex-error v0.1.0 (/private/tmp/vortex-row-fn-bool/vortex-error)
    Checking rand_core v0.6.4
   Compiling proc-macro-crate v3.5.0
    Checking parking_lot_core v0.9.12
   Compiling logos v0.15.1
   Compiling form_urlencoded v1.2.2
    Checking lock_api v0.4.14
   Compiling security-framework-sys v2.17.0
   Compiling core-foundation v0.10.1
   Compiling sync_wrapper v1.0.2
    Checking rustls v0.23.45
   Compiling ipnet v2.12.2
   Compiling crunchy v0.2.4
   Compiling tower-layer v0.3.3
   Compiling logos v0.16.1
    Checking unicode-segmentation v1.13.3
   Compiling base64 v0.22.1
   Compiling tower v0.5.3
   Compiling security-framework v3.7.0
   Compiling hyper-util v0.1.20
   Compiling rand_chacha v0.9.0
    Checking zmij v1.0.23
    Checking similar v2.7.0
    Checking terminal_size v0.4.4
   Compiling protox-parse v0.9.0
    Checking idna_adapter v1.2.2
    Checking half v2.7.1
    Checking ahash v0.8.12
   Compiling prost-reflect v0.16.5
   Compiling prost-build v0.14.4
    Checking approx v0.5.1
   Compiling objc2-core-foundation v0.3.2
    Checking fastrand v2.5.0
    Checking clap_lex v1.1.0
    Checking arbitrary v1.4.2
    Checking idna v1.1.0
    Checking hashbrown v0.14.5
    Checking log v0.4.34
   Compiling arrayvec v0.7.8
    Checking arrow-buffer v59.3.0
    Checking rand_chacha v0.3.1
    Checking byteorder v1.5.0
    Checking anstyle v1.0.14
   Compiling encoding_rs v0.8.41
   Compiling rust_decimal v1.43.0
    Checking url v2.5.8
    Checking clap_builder v4.6.6
    Checking rand v0.8.8
    Checking dashmap v6.2.1
   Compiling objc2-io-kit v0.3.2
    Checking vortex-buffer v0.1.0 (/private/tmp/vortex-row-fn-bool/vortex-buffer)
    Checking statrs v0.18.0
   Compiling rand v0.9.5
    Checking serde_json v1.0.151
    Checking nix v0.31.3
   Compiling thiserror v1.0.69
   Compiling http-body-util v0.1.5
    Checking console v0.15.11
   Compiling iana-time-zone v0.1.65
    Checking hex v0.4.3
   Compiling mime v0.3.17
   Compiling base64 v0.23.1
   Compiling glob v0.3.4
    Checking bytecount v0.6.9
    Checking rustc-hex v2.1.0
   Compiling cudarc v0.19.9
    Checking unicode-width v0.2.2
    Checking colored v3.1.1
   Compiling utf8-width v0.1.9
   Compiling rstest_macros v0.26.1
    Checking uint v0.10.1
   Compiling byte-unit v5.2.6
    Checking fixed-hash v0.8.0
    Checking codspeed v5.0.1
   Compiling ping v0.7.1
    Checking papergrid v0.18.0
   Compiling chrono v0.4.45
    Checking similar-asserts v1.7.0
    Checking clap v4.6.6
    Checking rand v0.10.2
    Checking lasso v0.7.3
    Checking tower-http v0.6.11
   Compiling sysinfo v0.38.4
    Checking parking_lot v0.12.5
    Checking futures-executor v0.3.34
    Checking tokio-rustls v0.26.5
    Checking rustls-platform-verifier v0.7.0
   Compiling uzers v0.12.2
   Compiling which v8.0.6
   Compiling num_cpus v1.17.0
   Compiling itertools v0.14.0
    Checking libloading v0.9.0
    Checking regex-lite v0.1.9
    Checking condtype v1.3.0
    Checking futures-timer v3.0.4
    Checking yansi v1.0.1
    Checking vortex-session v0.1.0 (/private/tmp/vortex-row-fn-bool/vortex-session)
   Compiling codspeed-divan-compat-macros v5.0.1
    Checking codspeed-divan-compat-walltime v5.0.1
    Checking num_enum v0.7.6
    Checking enum-iterator v2.3.0
    Checking goldenfile v1.11.0
    Checking futures v0.3.34
    Checking tabled v0.21.0
   Compiling rstest_reuse v0.7.0
    Checking primitive-types v0.14.0
    Checking libmimalloc-sys v0.1.49
    Checking vortex-mask v0.1.0 (/private/tmp/vortex-row-fn-bool/vortex-mask)
    Checking vortex-compute v0.1.0 (/private/tmp/vortex-row-fn-bool/vortex-compute)
    Checking console v0.16.6
   Compiling vortex-array-macros v0.1.0 (/private/tmp/vortex-row-fn-bool/vortex-array-macros)
    Checking mimalloc v0.1.52
    Checking rand_distr v0.6.0
    Checking codspeed-divan-compat v5.0.1
    Checking serde_test v1.0.177
   Compiling vortex-bench-support v0.1.0 (/private/tmp/vortex-row-fn-bool/benchmarks/bench-support)
    Checking insta v1.48.0
   Compiling protox v0.9.1
   Compiling vortex-build v0.1.0 (/private/tmp/vortex-row-fn-bool/vortex-build)
   Compiling hyper-rustls v0.27.9
   Compiling vortex-array v0.1.0 (/private/tmp/vortex-row-fn-bool/vortex-array)
    Checking rstest v0.26.1
   Compiling reqwest v0.13.5
   Compiling test-with-derive v0.16.3
    Checking test-with v0.16.3
    Finished `dev` profile [unoptimized + debuginfo] target(s) in 25.31s
