   Compiling serde_core v1.0.229
    Checking memchr v2.8.3
   Compiling rustix v1.1.4
   Compiling num-traits v0.2.19
   Compiling cc v1.4.6
   Compiling serde v1.0.229
   Compiling getrandom v0.4.3
   Compiling syn v2.0.119
   Compiling syn v3.0.5
    Checking tracing-core v0.1.36
    Checking futures-core v0.3.34
    Checking slab v0.4.12
    Checking memmap2 v0.9.11
    Checking simdutf8 v0.1.5
   Compiling aho-corasick v1.1.5
   Compiling codspeed v5.0.1
   Compiling libmimalloc-sys v0.1.49
    Checking tracing v0.1.44
   Compiling regex-automata v0.4.18
   Compiling serde_derive v1.0.229
   Compiling futures-macro v0.3.34
   Compiling vortex-bench-support v0.1.0 (/private/tmp/vortex-row-fn-bool/benchmarks/bench-support)
   Compiling zerocopy-derive v0.8.57
   Compiling divan-macros v0.1.17
   Compiling prost-derive v0.14.4
    Checking futures-util v0.3.34
    Checking serde_json v1.0.151
   Compiling codspeed-divan-compat-macros v5.0.1
    Checking zerocopy v0.8.57
    Checking approx v0.5.1
    Checking num-integer v0.1.47
    Checking terminal_size v0.4.4
    Checking statrs v0.18.0
    Checking num-bigint v0.5.1
    Checking mimalloc v0.1.52
    Checking clap_builder v4.6.6
    Checking prost v0.14.4
    Checking vortex-error v0.1.0 (/private/tmp/vortex-row-fn-bool/vortex-error)
   Compiling regex v1.13.1
   Compiling rstest_macros v0.26.1
    Checking clap v4.6.6
    Checking codspeed-divan-compat-walltime v5.0.1
    Checking half v2.7.1
    Checking arrow-buffer v59.3.0
    Checking codspeed-divan-compat v5.0.1
    Checking rstest v0.26.1
    Checking vortex-buffer v0.1.0 (/private/tmp/vortex-row-fn-bool/vortex-buffer)
    Finished `dev` profile [unoptimized + debuginfo] target(s) in 3.87s
