   Compiling aws-lc-sys v0.45.0
   Compiling aws-lc-rs v1.18.1
   Compiling vortex-error v0.1.0 (/private/tmp/vortex-row-fn-bool-codegen/vortex-error)
   Compiling hyper v1.11.1
   Compiling regex-automata v0.4.18
   Compiling libmimalloc-sys v0.1.49
   Compiling ping v0.7.1
   Compiling vortex-array v0.1.0 (/private/tmp/vortex-row-fn-bool-codegen/vortex-array)
   Compiling rand v0.8.8
   Compiling rand v0.9.5
   Compiling rand v0.10.2
   Compiling sysinfo v0.38.4
   Compiling event-listener-strategy v0.5.4
   Compiling clap v4.6.6
   Compiling parking_lot v0.12.5
   Compiling http-body-util v0.1.5
   Compiling rustls v0.23.45
   Compiling futures-executor v0.3.34
   Compiling uzers v0.12.2
   Compiling vortex-utils v0.1.0 (/private/tmp/vortex-row-fn-bool-codegen/vortex-utils)
   Compiling arc-swap v1.9.2
   Compiling enum-iterator-derive v1.5.0
   Compiling num_enum_derive v0.7.6
   Compiling num_cpus v1.17.0
   Compiling which v8.0.6
   Compiling itertools v0.14.0
   Compiling futures-timer v3.0.4
   Compiling static_assertions v1.1.0
   Compiling codspeed-divan-compat v5.0.1
   Compiling utf8-width v0.1.9
   Compiling mime v0.3.17
   Compiling iana-time-zone v0.1.65
   Compiling regex-lite v0.1.9
   Compiling condtype v1.3.0
   Compiling base64 v0.23.1
   Compiling vortex-buffer v0.1.0 (/private/tmp/vortex-row-fn-bool-codegen/vortex-buffer)
   Compiling yansi v1.0.1
   Compiling futures v0.3.34
   Compiling byte-unit v5.2.6
   Compiling vortex-session v0.1.0 (/private/tmp/vortex-row-fn-bool-codegen/vortex-session)
   Compiling codspeed-divan-compat-macros v5.0.1
   Compiling rstest v0.26.1
   Compiling num_enum v0.7.6
   Compiling chrono v0.4.45
   Compiling enum-iterator v2.3.0
   Compiling goldenfile v1.11.0
   Compiling async-lock v3.4.2
   Compiling rstest_reuse v0.7.0
   Compiling rustls-webpki v0.103.15
   Compiling paste v1.0.15
   Compiling tabled v0.21.0
   Compiling prost-types v0.14.4
   Compiling vortex-array-macros v0.1.0 (/private/tmp/vortex-row-fn-bool-codegen/vortex-array-macros)
   Compiling humansize v2.1.3
   Compiling console v0.16.6
   Compiling arcref v0.2.0
   Compiling vortex-mask v0.1.0 (/private/tmp/vortex-row-fn-bool-codegen/vortex-mask)
   Compiling vortex-compute v0.1.0 (/private/tmp/vortex-row-fn-bool-codegen/vortex-compute)
   Compiling codspeed-divan-compat-walltime v5.0.1
   Compiling rustc-hash v2.1.3
   Compiling inventory v0.3.24
   Compiling uuid v1.26.1
   Compiling rand_distr v0.6.0
   Compiling serde_test v1.0.177
   Compiling hyper-util v0.1.20
   Compiling vortex-bench-support v0.1.0 (/private/tmp/vortex-row-fn-bool-codegen/benchmarks/bench-support)
   Compiling insta v1.48.0
   Compiling mimalloc v0.1.52
   Compiling regex v1.13.1
   Compiling tokio-rustls v0.26.5
   Compiling rustls-platform-verifier v0.7.0
   Compiling hyper-rustls v0.27.9
   Compiling reqwest v0.13.5
   Compiling test-with-derive v0.16.3
   Compiling test-with v0.16.3
remark: library/core/src/slice/iter/macros.rs:180:28: loop not vectorized
remark: library/core/src/slice/iter/macros.rs:180:28: loop not vectorized
remark: library/core/src/iter/adapters/step_by.rs:446:20: loop not vectorized
remark: src/control/bitmask.rs:40:16: loop not vectorized
remark: src/control/bitmask.rs:40:16: loop not vectorized
remark: src/control/bitmask.rs:40:16: loop not vectorized
remark: library/core/src/slice/iter/macros.rs:180:28: loop not vectorized
remark: library/core/src/slice/iter/macros.rs:180:28: loop not vectorized
remark: library/core/src/slice/iter/macros.rs:180:28: loop not vectorized
remark: library/core/src/slice/iter/macros.rs:180:28: loop not vectorized
remark: library/core/src/ptr/mod.rs:823:1: loop not vectorized
remark: library/core/src/ptr/mod.rs:823:1: loop not vectorized
remark: vortex-buffer/src/buffer_mut.rs:496:12: loop not vectorized
remark: library/core/src/option.rs:592:23: loop not vectorized
remark: library/core/src/iter/range.rs:900:12: loop not vectorized
remark: vortex-buffer/src/buffer_mut.rs:496:12: loop not vectorized
remark: library/core/src/slice/iter/macros.rs:180:28: loop not vectorized
remark: library/core/src/iter/range.rs:900:12: loop not vectorized
remark: library/core/src/iter/range.rs:900:12: loop not vectorized
remark: library/core/src/iter/range.rs:900:12: loop not vectorized
remark: library/core/src/iter/range.rs:900:12: loop not vectorized
remark: library/core/src/iter/range.rs:900:12: loop not vectorized
remark: library/core/src/slice/iter/macros.rs:28:9: loop not vectorized
remark: library/core/src/slice/iter/macros.rs:28:9: loop not vectorized
remark: library/core/src/slice/iter/macros.rs:28:9: loop not vectorized
remark: library/core/src/slice/iter/macros.rs:28:9: loop not vectorized
remark: library/core/src/slice/iter/macros.rs:180:28: loop not vectorized
remark: library/core/src/slice/iter/macros.rs:28:9: loop not vectorized
remark: library/core/src/slice/iter/macros.rs:28:9: loop not vectorized
remark: library/alloc/src/sync.rs:2834:12: loop not vectorized
remark: library/alloc/src/sync.rs:2834:12: loop not vectorized
remark: library/core/src/slice/iter/macros.rs:28:9: loop not vectorized
remark: library/core/src/slice/iter/macros.rs:28:9: loop not vectorized
remark: library/core/src/slice/iter/macros.rs:180:28: loop not vectorized
remark: library/core/src/ptr/mod.rs:823:1: loop not vectorized
remark: library/core/src/ptr/mod.rs:823:1: loop not vectorized
remark: library/core/src/slice/iter/macros.rs:180:28: loop not vectorized
remark: library/core/src/slice/iter/macros.rs:180:28: loop not vectorized
remark: library/core/src/ptr/mod.rs:818:14: loop not vectorized
remark: library/core/src/slice/iter/macros.rs:180:28: loop not vectorized
remark: library/core/src/slice/iter/macros.rs:180:28: loop not vectorized
remark: library/core/src/slice/iter/macros.rs:180:28: loop not vectorized
remark: library/core/src/slice/iter/macros.rs:180:28: loop not vectorized
remark: library/core/src/slice/iter/macros.rs:180:28: loop not vectorized
remark: library/core/src/slice/iter/macros.rs:180:28: loop not vectorized
remark: library/core/src/ptr/mod.rs:818:14: loop not vectorized
remark: library/core/src/iter/adapters/mod.rs:195:14: loop not vectorized
remark: src/lib.rs:1191:16: loop not vectorized
remark: library/core/src/iter/adapters/mod.rs:195:14: loop not vectorized
remark: src/lib.rs:1191:16: loop not vectorized
remark: library/core/src/iter/adapters/mod.rs:195:14: loop not vectorized
remark: src/lib.rs:1191:16: loop not vectorized
remark: library/core/src/iter/adapters/mod.rs:195:14: loop not vectorized
remark: src/lib.rs:1191:16: loop not vectorized
remark: library/core/src/ptr/mod.rs:823:1: loop not vectorized
remark: library/core/src/ptr/mod.rs:823:1: loop not vectorized
remark: library/core/src/ptr/mod.rs:823:1: loop not vectorized
remark: library/core/src/ptr/mod.rs:823:1: loop not vectorized
remark: library/core/src/ptr/mod.rs:823:1: loop not vectorized
remark: library/core/src/ptr/mod.rs:823:1: loop not vectorized
remark: library/core/src/ptr/mod.rs:823:1: loop not vectorized
remark: library/core/src/ptr/mod.rs:823:1: loop not vectorized
remark: library/alloc/src/sync.rs:2834:12: loop not vectorized
remark: library/alloc/src/sync.rs:2834:12: loop not vectorized
remark: library/alloc/src/sync.rs:2834:12: loop not vectorized
remark: library/alloc/src/sync.rs:2834:12: loop not vectorized
remark: library/core/src/ptr/mod.rs:823:1: loop not vectorized
remark: library/core/src/ptr/mod.rs:823:1: loop not vectorized
remark: library/core/src/ptr/mod.rs:823:1: loop not vectorized
remark: library/core/src/ptr/mod.rs:823:1: loop not vectorized
remark: vortex-array/src/scalar_fn/unstable/row/execute/owned.rs:157:37: loop not vectorized
remark: vortex-array/src/scalar_fn/unstable/row/execute/owned.rs:172:57: loop not vectorized
remark: vortex-array/src/scalar_fn/unstable/row/execute/owned.rs:172:57: loop not vectorized
remark: library/core/src/slice/iter/macros.rs:180:28: loop not vectorized
remark: src/time/timestamp/mod.rs:10:50: loop not vectorized
remark: library/core/src/slice/iter/macros.rs:180:28: loop not vectorized
remark: src/stats/sample.rs:34:18: loop not vectorized
remark: library/core/src/iter/traits/iterator.rs:2493:9: loop not vectorized
remark: library/core/src/slice/iter/macros.rs:180:28: the cost-model indicates that vectorization is not beneficial
remark: library/core/src/slice/iter/macros.rs:180:28: the cost-model indicates that interleaving is not beneficial
remark: vortex-array/src/scalar_fn/unstable/row/execute/owned.rs:157:37: loop not vectorized
remark: vortex-array/src/scalar_fn/unstable/row/execute/owned.rs:172:57: loop not vectorized
remark: vortex-array/src/scalar_fn/unstable/row/execute/owned.rs:172:57: loop not vectorized
remark: src/time/timestamp/mod.rs:10:50: loop not vectorized
remark: library/core/src/slice/iter/macros.rs:180:28: loop not vectorized
remark: src/stats/sample.rs:34:18: loop not vectorized
remark: library/core/src/iter/traits/iterator.rs:2493:9: loop not vectorized
remark: library/core/src/slice/iter/macros.rs:180:28: the cost-model indicates that vectorization is not beneficial
remark: library/core/src/slice/iter/macros.rs:180:28: the cost-model indicates that interleaving is not beneficial
remark: library/core/src/ptr/mod.rs:823:1: loop not vectorized
remark: library/core/src/ptr/mod.rs:823:1: loop not vectorized
remark: library/core/src/ptr/mod.rs:823:1: loop not vectorized
remark: library/core/src/ptr/mod.rs:823:1: loop not vectorized
remark: library/alloc/src/raw_vec/mod.rs:635:12: loop not vectorized
remark: library/alloc/src/sync.rs:2834:12: loop not vectorized
remark: library/alloc/src/sync.rs:2834:12: loop not vectorized
remark: library/alloc/src/raw_vec/mod.rs:635:12: loop not vectorized
remark: library/core/src/ptr/mod.rs:823:1: loop not vectorized
remark: library/core/src/ptr/mod.rs:823:1: loop not vectorized
remark: library/core/src/iter/range.rs:900:12: loop not vectorized
remark: library/core/src/iter/range.rs:900:12: loop not vectorized
remark: library/core/src/iter/range.rs:900:12: loop not vectorized
remark: library/core/src/iter/range.rs:900:12: loop not vectorized
remark: library/core/src/ptr/mod.rs:823:1: loop not vectorized
remark: library/core/src/ptr/mod.rs:823:1: loop not vectorized
remark: vortex-array/src/scalar_fn/unstable/row/execute/owned.rs:230:37: loop not vectorized
remark: library/core/src/slice/iter/macros.rs:180:28: loop not vectorized
remark: library/core/src/option.rs:660:9: loop not vectorized
remark: library/core/src/slice/iter/macros.rs:180:28: loop not vectorized
remark: library/core/src/ptr/mod.rs:823:1: loop not vectorized
remark: library/core/src/ptr/mod.rs:823:1: loop not vectorized
remark: vortex-array/src/scalar_fn/unstable/row/execute/owned.rs:244:57: loop not vectorized
remark: vortex-array/src/scalar_fn/unstable/row/execute/owned.rs:244:57: loop not vectorized
remark: library/alloc/src/sync.rs:2834:12: loop not vectorized
remark: library/alloc/src/sync.rs:2834:12: loop not vectorized
remark: library/core/src/option.rs:660:9: loop not vectorized
remark: library/core/src/slice/iter/macros.rs:180:28: loop not vectorized
remark: library/core/src/iter/traits/iterator.rs:2998:26: loop not vectorized
remark: library/core/src/iter/traits/iterator.rs:2998:26: loop not vectorized
remark: library/alloc/src/sync.rs:2834:12: loop not vectorized
remark: library/alloc/src/sync.rs:2834:12: loop not vectorized
remark: library/core/src/slice/iter/macros.rs:180:28: loop not vectorized
remark: vortex-array/src/scalar_fn/unstable/row/batch/planning.rs:33:13: loop not vectorized
remark: library/core/src/slice/iter/macros.rs:180:28: loop not vectorized
remark: library/core/src/iter/traits/iterator.rs:2998:26: loop not vectorized
remark: library/core/src/iter/traits/iterator.rs:2998:26: loop not vectorized
remark: src/entry/list.rs:57:9: loop not vectorized
remark: src/entry/list.rs:57:9: loop not vectorized
remark: library/core/src/ptr/mod.rs:823:1: loop not vectorized
remark: library/core/src/ptr/mod.rs:823:1: loop not vectorized
remark: vortex-array/src/scalar_fn/unstable/row/batch/planning.rs:33:13: loop not vectorized
remark: library/core/src/slice/iter/macros.rs:180:28: loop not vectorized
remark: library/core/src/iter/range.rs:900:12: loop not vectorized
remark: library/core/src/iter/range.rs:900:12: loop not vectorized
remark: library/core/src/ptr/mod.rs:823:1: loop not vectorized
remark: library/core/src/ptr/mod.rs:823:1: loop not vectorized
remark: vortex-array/src/scalar_fn/unstable/row/execute/owned.rs:230:37: loop not vectorized
remark: vortex-array/src/scalar_fn/unstable/row/execute/owned.rs:244:57: loop not vectorized
remark: vortex-array/src/scalar_fn/unstable/row/execute/owned.rs:244:57: loop not vectorized
remark: vortex-array/src/dtype/dtype_impl.rs:61:9: loop not vectorized
remark: library/core/src/option.rs:1162:9: loop not vectorized
remark: library/core/src/iter/traits/iterator.rs:2998:26: loop not vectorized
remark: library/core/src/option.rs:1162:9: loop not vectorized
remark: library/core/src/iter/traits/iterator.rs:2998:26: loop not vectorized
remark: library/core/src/slice/iter/macros.rs:180:28: loop not vectorized
remark: library/core/src/iter/range.rs:900:12: loop not vectorized
remark: library/core/src/iter/range.rs:900:12: loop not vectorized
remark: library/core/src/iter/range.rs:900:12: loop not vectorized
remark: library/core/src/iter/range.rs:900:12: loop not vectorized
remark: library/core/src/slice/iter/macros.rs:180:28: loop not vectorized
remark: library/core/src/iter/adapters/take.rs:37:12: loop not vectorized
remark: library/core/src/ptr/mod.rs:823:1: loop not vectorized
remark: library/core/src/ptr/mod.rs:823:1: loop not vectorized
remark: library/core/src/ptr/mod.rs:823:1: loop not vectorized
remark: library/core/src/ptr/mod.rs:823:1: loop not vectorized
remark: library/core/src/ptr/mod.rs:823:1: loop not vectorized
remark: library/core/src/ptr/mod.rs:823:1: loop not vectorized
remark: library/core/src/ptr/mod.rs:823:1: loop not vectorized
remark: library/core/src/ptr/mod.rs:823:1: loop not vectorized
remark: library/core/src/ptr/mod.rs:823:1: loop not vectorized
remark: library/core/src/ptr/mod.rs:823:1: loop not vectorized
remark: library/core/src/ptr/mod.rs:823:1: loop not vectorized
remark: library/core/src/ptr/mod.rs:823:1: loop not vectorized
remark: library/alloc/src/sync.rs:2834:12: loop not vectorized
remark: library/alloc/src/sync.rs:2834:12: loop not vectorized
remark: library/core/src/ptr/mod.rs:823:1: loop not vectorized
remark: library/core/src/ptr/mod.rs:823:1: loop not vectorized
remark: library/core/src/intrinsics/mod.rs:436:8: loop not vectorized
remark: library/core/src/ptr/mod.rs:823:1: loop not vectorized
remark: library/core/src/ptr/mod.rs:823:1: loop not vectorized
remark: library/core/src/iter/range.rs:900:12: loop not vectorized
remark: vortex-buffer/src/bit/buf_mut.rs:745:18: loop not vectorized
remark: library/core/src/iter/range.rs:900:12: loop not vectorized
remark: vortex-buffer/src/bit/buf_mut.rs:745:18: loop not vectorized
remark: vortex-array/src/dtype/dtype_impl.rs:61:9: loop not vectorized
remark: vortex-array/src/dtype/dtype_impl.rs:61:9: loop not vectorized
warning: linker stderr: ignoring deprecated linker optimization setting '1'
  |
  = note: `#[warn(linker_messages)]` on by default

warning: `vortex-array` (bench "row_fn_bool_retry") generated 1 warning
    Finished `bench` profile [optimized + debuginfo] target(s) in 47.84s
