   Compiling proc-macro2 v1.0.107
   Compiling quote v1.0.47
   Compiling unicode-ident v1.0.24
   Compiling libc v0.2.189
    Checking cfg-if v1.0.4
   Compiling find-msvc-tools v0.1.12
   Compiling shlex v2.0.1
    Checking bitflags v2.13.2
   Compiling autocfg v1.5.1
   Compiling bytes v1.12.1
   Compiling anyhow v1.0.104
   Compiling semver v1.0.28
   Compiling memchr v2.8.3
   Compiling rustc_version v0.4.1
   Compiling zerocopy v0.8.57
   Compiling fs_extra v1.3.0
   Compiling libm v0.2.16
   Compiling dunce v1.0.5
    Checking once_cell v1.21.4
   Compiling either v1.18.0
   Compiling pkg-config v0.3.34
    Checking pin-project-lite v0.2.17
   Compiling num-traits v0.2.19
   Compiling regex-syntax v0.8.11
   Compiling fnv v1.0.7
   Compiling equivalent v1.0.2
   Compiling hashbrown v0.17.1
   Compiling itertools v0.10.5
   Compiling aws-lc-rs v1.18.1
    Checking allocator-api2 v0.2.21
    Checking futures-core v0.3.34
   Compiling stable_deref_trait v1.2.1
   Compiling indexmap v2.14.2
   Compiling icu_normalizer_data v2.3.0
   Compiling icu_properties_data v2.3.0
   Compiling getrandom v0.3.4
   Compiling aho-corasick v1.1.5
    Checking smallvec v1.16.1
    Checking futures-sink v0.3.34
    Checking itoa v1.0.18
   Compiling rustversion v1.0.23
   Compiling core-foundation-sys v0.8.7
   Compiling regex-automata v0.4.18
   Compiling rustls v0.23.45
   Compiling httparse v1.10.1
   Compiling jobserver v0.1.35
   Compiling socket2 v0.6.5
   Compiling system-configuration-sys v0.6.0
    Checking slab v0.4.12
   Compiling mio v1.2.3
    Checking futures-channel v0.3.34
   Compiling cc v1.4.6
   Compiling serde_core v1.0.229
    Checking foldhash v0.2.0
    Checking futures-task v0.3.34
   Compiling syn v2.0.119
   Compiling syn v3.0.5
   Compiling tokio v1.53.1
   Compiling rustix v1.1.4
    Checking futures-io v0.3.34
   Compiling litemap v0.8.3
   Compiling writeable v0.6.4
   Compiling cmake v0.1.58
   Compiling http v1.5.0
    Checking errno v0.3.14
   Compiling logos-codegen v0.15.1
   Compiling log v0.4.34
   Compiling serde v1.0.229
   Compiling aws-lc-sys v0.45.0
   Compiling utf8_iter v1.0.4
    Checking scopeguard v1.2.0
   Compiling zeroize v1.9.0
   Compiling lazy_static v1.5.0
   Compiling beef v0.5.2
   Compiling rustls-pki-types v1.15.1
   Compiling http-body v1.1.0
   Compiling tracing-core v0.1.36
   Compiling flatbuffers v25.12.19
   Compiling unicode-width v0.1.14
   Compiling getrandom v0.4.3
   Compiling percent-encoding v2.3.2
    Checking rand_core v0.10.1
   Compiling version_check v0.9.5
   Compiling winnow v1.0.4
   Compiling untrusted v0.9.0
   Compiling regex v1.13.1
   Compiling thiserror v2.0.20
   Compiling zerovec-derive v0.11.6
   Compiling displaydoc v0.2.7
   Compiling futures-macro v0.3.34
   Compiling serde_derive v1.0.229
   Compiling ahash v0.8.12
   Compiling thiserror-impl v2.0.20
   Compiling toml_parser v1.1.3+spec-1.1.0
   Compiling futures-util v0.3.34
    Checking tracing v0.1.44
   Compiling synstructure v0.13.2
   Compiling zerocopy-derive v0.8.57
   Compiling prost-derive v0.14.4
   Compiling miette-derive v7.6.0
   Compiling logos-codegen v0.16.1
   Compiling zerofrom-derive v0.1.7
   Compiling yoke-derive v0.8.2
   Compiling encoding_rs v0.8.41
   Compiling logos-derive v0.15.1
   Compiling logos-derive v0.16.1
   Compiling zerofrom v0.1.8
   Compiling ppv-lite86 v0.2.21
   Compiling prost v0.14.4
   Compiling tokio-util v0.7.19
   Compiling miette v7.6.0
   Compiling tower-service v0.3.3
   Compiling yoke v0.8.3
   Compiling foldhash v0.1.5
   Compiling thiserror v1.0.69
   Compiling rust_decimal v1.43.0
   Compiling subtle v2.6.1
   Compiling atomic-waker v1.1.2
   Compiling prost-types v0.14.4
   Compiling toml_datetime v1.1.1+spec-1.1.0
   Compiling parking_lot_core v0.9.12
   Compiling radium v0.7.0
   Compiling try-lock v0.2.5
    Checking simdutf8 v0.1.5
    Checking jiff-core v0.1.1
   Compiling prettyplease v0.2.37
   Compiling toml_edit v0.25.15+spec-1.1.0
   Compiling h2 v0.4.19
   Compiling want v0.3.1
    Checking zerovec v0.11.8
    Checking zerotrie v0.2.5
    Checking jiff v0.2.37
   Compiling hashbrown v0.15.5
   Compiling logos v0.16.1
   Compiling logos v0.15.1
   Compiling tinystr v0.8.4
   Compiling potential_utf v0.1.6
   Compiling thiserror-impl v1.0.69
   Compiling icu_locale_core v2.3.0
   Compiling icu_collections v2.3.0
    Checking num-integer v0.1.47
    Checking getrandom v0.2.17
   Compiling core-foundation v0.9.4
   Compiling zmij v1.0.23
   Compiling fixedbitset v0.5.7
    Checking tap v1.0.1
   Compiling fastrand v2.5.0
   Compiling cfg_aliases v0.2.2
   Compiling multiversion_no_op v1.0.0
   Compiling icu_provider v2.3.1
   Compiling crossbeam-utils v0.8.23
    Checking arrow-schema v59.3.0
    Checking wyz v0.5.1
   Compiling nix v0.31.3
   Compiling petgraph v0.8.3
   Compiling system-configuration v0.7.0
    Checking vortex-error v0.1.0 (/private/tmp/vortex-row-fn-bool-codegen/vortex-error)
   Compiling icu_normalizer v2.3.0
   Compiling icu_properties v2.3.0
   Compiling rand_core v0.9.5
    Checking rand_core v0.6.4
    Checking num-bigint v0.5.1
   Compiling prost-reflect v0.16.5
   Compiling tempfile v3.27.0
   Compiling protox-parse v0.9.0
   Compiling proc-macro-crate v3.5.0
   Compiling idna_adapter v1.2.2
   Compiling form_urlencoded v1.2.2
    Checking lock_api v0.4.14
   Compiling hyper v1.11.1
   Compiling core-foundation v0.10.1
   Compiling security-framework-sys v2.17.0
   Compiling sync_wrapper v1.0.2
   Compiling tower-layer v0.3.3
    Checking static_assertions v1.1.0
   Compiling idna v1.1.0
   Compiling crunchy v0.2.4
   Compiling base64 v0.22.1
   Compiling serde_json v1.0.151
   Compiling multimap v0.10.1
   Compiling heck v0.5.0
   Compiling ipnet v2.12.2
    Checking unicode-segmentation v1.13.3
    Checking funty v2.0.0
   Compiling url v2.5.8
    Checking half v2.7.1
   Compiling prost-build v0.14.4
    Checking itertools v0.14.0
    Checking bitvec v1.1.1
    Checking similar v2.7.0
   Compiling hyper-util v0.1.20
   Compiling security-framework v3.7.0
   Compiling tower v0.5.3
    Checking hashbrown v0.14.5
    Checking rand_chacha v0.3.1
   Compiling rand_chacha v0.9.0
   Compiling protox v0.9.1
    Checking arrow-buffer v59.3.0
    Checking terminal_size v0.4.4
    Checking approx v0.5.1
   Compiling codspeed v5.0.1
   Compiling objc2-core-foundation v0.3.2
   Compiling rstest_macros v0.26.1
    Checking anstyle v1.0.14
    Checking clap_lex v1.1.0
    Checking arbitrary v1.4.2
    Checking byteorder v1.5.0
    Checking parking v2.2.1
   Compiling arrayvec v0.7.8
    Checking event-listener v5.4.2
    Checking clap_builder v4.6.6
    Checking vortex-buffer v0.1.0 (/private/tmp/vortex-row-fn-bool-codegen/vortex-buffer)
    Checking dashmap v6.2.1
   Compiling vortex-build v0.1.0 (/private/tmp/vortex-row-fn-bool-codegen/vortex-build)
    Checking statrs v0.18.0
   Compiling objc2-io-kit v0.3.2
   Compiling rand v0.9.5
   Compiling tower-http v0.6.11
    Checking rand v0.8.8
   Compiling divan-macros v0.1.17
    Checking chacha20 v0.10.2
   Compiling http-body-util v0.1.5
   Compiling libmimalloc-sys v0.1.49
    Checking console v0.15.11
   Compiling iana-time-zone v0.1.65
   Compiling glob v0.3.4
   Compiling utf8-width v0.1.9
   Compiling cudarc v0.19.9
    Checking unicode-width v0.2.2
    Checking rustc-hex v2.1.0
    Checking colored v3.1.1
    Checking bytecount v0.6.9
   Compiling mime v0.3.17
   Compiling relative-path v1.9.3
    Checking hex v0.4.3
   Compiling paste v1.0.15
   Compiling base64 v0.23.1
    Checking fixed-hash v0.8.0
   Compiling byte-unit v5.2.6
    Checking papergrid v0.18.0
    Checking uint v0.10.1
   Compiling ping v0.7.1
   Compiling vortex-array v0.1.0 (/private/tmp/vortex-row-fn-bool-codegen/vortex-array)
    Checking similar-asserts v1.7.0
   Compiling chrono v0.4.45
    Checking rand v0.10.2
   Compiling sysinfo v0.38.4
    Checking lasso v0.7.3
    Checking clap v4.6.6
    Checking event-listener-strategy v0.5.4
    Checking parking_lot v0.12.5
    Checking futures-executor v0.3.34
   Compiling num_enum_derive v0.7.6
   Compiling enum-iterator-derive v1.5.0
    Checking vortex-utils v0.1.0 (/private/tmp/vortex-row-fn-bool-codegen/vortex-utils)
   Compiling uzers v0.12.2
    Checking arc-swap v1.9.2
   Compiling which v8.0.6
   Compiling num_cpus v1.17.0
    Checking libloading v0.9.0
    Checking condtype v1.3.0
   Compiling codspeed-divan-compat v5.0.1
    Checking regex-lite v0.1.9
    Checking futures-timer v3.0.4
    Checking yansi v1.0.1
   Compiling codspeed-divan-compat-macros v5.0.1
    Checking rstest v0.26.1
    Checking enum-iterator v2.3.0
    Checking vortex-session v0.1.0 (/private/tmp/vortex-row-fn-bool-codegen/vortex-session)
    Checking goldenfile v1.11.0
    Checking num_enum v0.7.6
    Checking futures v0.3.34
    Checking async-lock v3.4.2
   Compiling rstest_reuse v0.7.0
    Checking tabled v0.21.0
    Checking primitive-types v0.14.0
   Compiling vortex-array-macros v0.1.0 (/private/tmp/vortex-row-fn-bool-codegen/vortex-array-macros)
    Checking humansize v2.1.3
    Checking console v0.16.6
    Checking rustc-hash v2.1.3
    Checking inventory v0.3.24
    Checking uuid v1.26.1
    Checking arcref v0.2.0
    Checking rand_distr v0.6.0
    Checking serde_test v1.0.177
   Compiling vortex-bench-support v0.1.0 (/private/tmp/vortex-row-fn-bool-codegen/benchmarks/bench-support)
    Checking insta v1.48.0
    Checking vortex-mask v0.1.0 (/private/tmp/vortex-row-fn-bool-codegen/vortex-mask)
    Checking vortex-compute v0.1.0 (/private/tmp/vortex-row-fn-bool-codegen/vortex-compute)
    Checking mimalloc v0.1.52
    Checking codspeed-divan-compat-walltime v5.0.1
    Checking rustls-webpki v0.103.15
    Checking tokio-rustls v0.26.5
    Checking rustls-platform-verifier v0.7.0
    Checking hyper-rustls v0.27.9
    Checking reqwest v0.13.5
   Compiling test-with-derive v0.16.3
    Checking test-with v0.16.3
    Finished `dev` profile [unoptimized + debuginfo] target(s) in 43.93s
