   Compiling proc-macro2 v1.0.107
   Compiling quote v1.0.47
   Compiling unicode-ident v1.0.24
   Compiling semver v1.0.28
   Compiling anyhow v1.0.104
   Compiling either v1.18.0
   Compiling cfg-if v1.0.4
   Compiling regex-syntax v0.8.11
   Compiling memchr v2.8.3
   Compiling zerocopy v0.8.57
   Compiling fnv v1.0.7
   Compiling libm v0.2.16
   Compiling autocfg v1.5.1
   Compiling libc v0.2.189
   Compiling bytes v1.12.1
   Compiling allocator-api2 v0.2.21
   Compiling beef v0.5.2
   Compiling itertools v0.10.5
   Compiling rustc_version v0.4.1
   Compiling aho-corasick v1.1.5
   Compiling num-traits v0.2.19
   Compiling lazy_static v1.5.0
   Compiling unicode-width v0.1.14
   Compiling logos-codegen v0.15.1
   Compiling flatbuffers v25.12.19
   Compiling thiserror v2.0.20
   Compiling rustix v1.1.4
   Compiling version_check v0.9.5
   Compiling bitflags v2.13.2
   Compiling hashbrown v0.17.1
   Compiling ahash v0.8.12
   Compiling prettyplease v0.2.37
   Compiling regex-automata v0.4.18
   Compiling parking_lot_core v0.9.12
   Compiling foldhash v0.1.5
   Compiling equivalent v1.0.2
   Compiling pin-project-lite v0.2.17
   Compiling radium v0.7.0
   Compiling jiff-core v0.1.1
   Compiling hashbrown v0.15.5
   Compiling indexmap v2.14.2
   Compiling errno v0.3.14
   Compiling tap v1.0.1
   Compiling fixedbitset v0.5.7
   Compiling smallvec v1.16.1
   Compiling scopeguard v1.2.0
   Compiling once_cell v1.21.4
   Compiling crossbeam-utils v0.8.23
   Compiling rustversion v1.0.23
   Compiling fastrand v2.5.0
   Compiling arrow-schema v59.3.0
   Compiling jiff v0.2.37
   Compiling petgraph v0.8.3
   Compiling wyz v0.5.1
   Compiling lock_api v0.4.14
   Compiling heck v0.5.0
   Compiling num-integer v0.1.47
   Compiling log v0.4.34
   Compiling find-msvc-tools v0.1.12
   Compiling regex v1.13.1
   Compiling funty v2.0.0
   Compiling shlex v2.0.1
   Compiling multimap v0.10.1
   Compiling syn v2.0.119
   Compiling syn v3.0.5
   Compiling futures-sink v0.3.34
   Compiling parking v2.2.1
   Compiling num-bigint v0.5.1
   Compiling itertools v0.14.0
   Compiling cc v1.4.6
   Compiling futures-core v0.3.34
   Compiling getrandom v0.4.3
   Compiling foldhash v0.2.0
   Compiling bitvec v1.1.1
   Compiling simdutf8 v0.1.5
   Compiling rand_core v0.10.1
   Compiling tempfile v3.27.0
   Compiling event-listener v5.4.2
   Compiling futures-channel v0.3.34
   Compiling futures-task v0.3.34
   Compiling libmimalloc-sys v0.1.49
   Compiling slab v0.4.12
   Compiling paste v1.0.15
   Compiling futures-io v0.3.34
   Compiling chacha20 v0.10.2
   Compiling arc-swap v1.9.2
   Compiling event-listener-strategy v0.5.4
   Compiling parking_lot v0.12.5
   Compiling thiserror-impl v2.0.20
   Compiling futures-macro v0.3.34
   Compiling prost-derive v0.14.4
   Compiling zerocopy-derive v0.8.57
   Compiling miette-derive v7.6.0
   Compiling logos-codegen v0.16.1
   Compiling vortex-utils v0.1.0 (/private/tmp/vortex-row-fn-pr-base/vortex-utils)
   Compiling num_enum_derive v0.7.6
   Compiling enum-iterator-derive v1.5.0
   Compiling tracing-core v0.1.36
   Compiling rand v0.10.2
   Compiling async-lock v3.4.2
   Compiling tracing v0.1.44
   Compiling logos-derive v0.16.1
   Compiling logos-derive v0.15.1
   Compiling futures-util v0.3.34
   Compiling num_enum v0.7.6
   Compiling miette v7.6.0
   Compiling enum-iterator v2.3.0
   Compiling vortex-array-macros v0.1.0 (/private/tmp/vortex-row-fn-pr-base/vortex-array-macros)
   Compiling prost v0.14.4
   Compiling humansize v2.1.3
   Compiling inventory v0.3.24
   Compiling logos v0.15.1
   Compiling logos v0.16.1
   Compiling arcref v0.2.0
   Compiling static_assertions v1.1.0
   Compiling rustc-hash v2.1.3
   Compiling uuid v1.26.1
   Compiling vortex-error v0.1.0 (/private/tmp/vortex-row-fn-pr-base/vortex-error)
   Compiling prost-types v0.14.4
   Compiling futures v0.3.34
   Compiling prost-reflect v0.16.5
   Compiling protox-parse v0.9.0
   Compiling prost-build v0.14.4
   Compiling half v2.7.1
   Compiling protox v0.9.1
   Compiling hashbrown v0.14.5
   Compiling arrow-buffer v59.3.0
   Compiling vortex-build v0.1.0 (/private/tmp/vortex-row-fn-pr-base/vortex-build)
   Compiling dashmap v6.2.1
   Compiling vortex-buffer v0.1.0 (/private/tmp/vortex-row-fn-pr-base/vortex-buffer)
   Compiling lasso v0.7.3
   Compiling vortex-session v0.1.0 (/private/tmp/vortex-row-fn-pr-base/vortex-session)
   Compiling vortex-array v0.1.0 (/private/tmp/vortex-row-fn-pr-base/vortex-array)
   Compiling vortex-compute v0.1.0 (/private/tmp/vortex-row-fn-pr-base/vortex-compute)
   Compiling vortex-mask v0.1.0 (/private/tmp/vortex-row-fn-pr-base/vortex-mask)
   Compiling mimalloc v0.1.52
   Compiling row-fn-utf8-probe v0.0.0 (/private/tmp/vortex-row-fn-pr-base/benchmarks/row-fn-utf8)
    Finished `release` profile [optimized] target(s) in 40.86s
