    Blocking waiting for file lock on package cache
    Blocking waiting for file lock on package cache
    Blocking waiting for file lock on package cache
   Compiling either v1.18.0
   Compiling regex-syntax v0.8.11
    Checking cfg-if v1.0.4
   Compiling memchr v2.8.3
   Compiling fnv v1.0.7
    Checking allocator-api2 v0.2.21
   Compiling libc v0.2.189
   Compiling bytes v1.12.1
   Compiling anyhow v1.0.104
    Checking libm v0.2.16
   Compiling syn v2.0.119
   Compiling syn v3.0.5
   Compiling equivalent v1.0.2
    Checking jiff-core v0.1.1
   Compiling itertools v0.10.5
    Checking bitflags v2.13.2
    Checking pin-project-lite v0.2.17
    Checking flatbuffers v25.12.19
   Compiling indexmap v2.14.2
    Checking arrow-schema v59.3.0
   Compiling aho-corasick v1.1.5
   Compiling fastrand v2.5.0
    Checking tap v1.0.1
    Checking once_cell v1.21.4
    Checking num-traits v0.2.19
    Checking smallvec v1.16.1
    Checking scopeguard v1.2.0
   Compiling petgraph v0.8.3
    Checking wyz v0.5.1
    Checking jiff v0.2.37
    Checking radium v0.7.0
   Compiling log v0.4.34
    Checking funty v2.0.0
    Checking lock_api v0.4.14
    Checking crossbeam-utils v0.8.23
    Checking foldhash v0.2.0
    Checking itertools v0.14.0
    Checking rand_core v0.10.1
    Checking bitvec v1.1.1
    Checking parking v2.2.1
    Checking simdutf8 v0.1.5
    Checking futures-sink v0.3.34
   Compiling regex-automata v0.4.18
   Compiling errno v0.3.14
    Checking num-integer v0.1.47
   Compiling thiserror-impl v2.0.20
    Checking parking_lot_core v0.9.12
    Checking futures-core v0.3.34
   Compiling futures-macro v0.3.34
    Checking event-listener v5.4.2
    Checking hashbrown v0.17.1
    Checking slab v0.4.12
   Compiling prost-derive v0.14.4
   Compiling zerocopy-derive v0.8.57
   Compiling miette-derive v7.6.0
   Compiling logos-codegen v0.15.1
   Compiling prettyplease v0.2.37
    Checking num-bigint v0.5.1
    Checking futures-channel v0.3.34
    Checking futures-io v0.3.34
    Checking futures-task v0.3.34
   Compiling rustix v1.1.4
    Checking vortex-utils v0.1.0 (/private/tmp/vortex-row-fn-utf8/vortex-utils)
   Compiling thiserror v2.0.20
    Checking event-listener-strategy v0.5.4
    Checking parking_lot v0.12.5
   Compiling enum-iterator-derive v1.5.0
   Compiling logos-codegen v0.16.1
   Compiling regex v1.13.1
   Compiling num_enum_derive v0.7.6
    Checking futures-util v0.3.34
    Checking getrandom v0.4.3
   Compiling logos-derive v0.15.1
    Checking chacha20 v0.10.2
    Checking arc-swap v1.9.2
    Checking tracing-core v0.1.36
    Checking async-lock v3.4.2
    Checking rand v0.10.2
   Compiling vortex-array-macros v0.1.0 (/private/tmp/vortex-row-fn-utf8/vortex-array-macros)
    Checking humansize v2.1.3
    Checking zerocopy v0.8.57
    Checking num_enum v0.7.6
    Checking tracing v0.1.44
    Checking enum-iterator v2.3.0
   Compiling miette v7.6.0
   Compiling logos-derive v0.16.1
   Compiling tempfile v3.27.0
    Checking static_assertions v1.1.0
    Checking arcref v0.2.0
    Checking uuid v1.26.1
    Checking inventory v0.3.24
   Compiling prost v0.14.4
   Compiling logos v0.15.1
    Checking rustc-hash v2.1.3
    Checking futures v0.3.34
   Compiling logos v0.16.1
   Compiling prost-types v0.14.4
    Checking vortex-error v0.1.0 (/private/tmp/vortex-row-fn-utf8/vortex-error)
    Checking ahash v0.8.12
    Checking half v2.7.1
   Compiling prost-reflect v0.16.5
   Compiling protox-parse v0.9.0
   Compiling prost-build v0.14.4
    Checking hashbrown v0.14.5
    Checking arrow-buffer v59.3.0
    Checking dashmap v6.2.1
    Checking vortex-buffer v0.1.0 (/private/tmp/vortex-row-fn-utf8/vortex-buffer)
    Checking lasso v0.7.3
   Compiling protox v0.9.1
    Checking vortex-session v0.1.0 (/private/tmp/vortex-row-fn-utf8/vortex-session)
   Compiling vortex-build v0.1.0 (/private/tmp/vortex-row-fn-utf8/vortex-build)
   Compiling vortex-array v0.1.0 (/private/tmp/vortex-row-fn-utf8/vortex-array)
    Checking vortex-mask v0.1.0 (/private/tmp/vortex-row-fn-utf8/vortex-mask)
    Checking vortex-compute v0.1.0 (/private/tmp/vortex-row-fn-utf8/vortex-compute)
    Finished `dev` profile [unoptimized + debuginfo] target(s) in 8.52s
